Archive member included to satisfy reference by file (symbol)

C:/ST/STM32CubeIDE_1.17.0/STM32CubeIDE/plugins/com.st.stm32cube.ide.mcu.externaltools.gnu-tools-for-stm32.12.3.rel1.win32_1.1.0.202410251130/tools/bin/../lib/gcc/arm-none-eabi/12.3.1/../../../../arm-none-eabi/lib/thumb/v7e-m+fp/hard\libc_nano.a(libc_a-exit.o)
                              C:/ST/STM32CubeIDE_1.17.0/STM32CubeIDE/plugins/com.st.stm32cube.ide.mcu.externaltools.gnu-tools-for-stm32.12.3.rel1.win32_1.1.0.202410251130/tools/bin/../lib/gcc/arm-none-eabi/12.3.1/../../../../arm-none-eabi/lib/thumb/v7e-m+fp/hard/crt0.o (exit)
C:/ST/STM32CubeIDE_1.17.0/STM32CubeIDE/plugins/com.st.stm32cube.ide.mcu.externaltools.gnu-tools-for-stm32.12.3.rel1.win32_1.1.0.202410251130/tools/bin/../lib/gcc/arm-none-eabi/12.3.1/../../../../arm-none-eabi/lib/thumb/v7e-m+fp/hard\libc_nano.a(libc_a-findfp.o)
                              C:/ST/STM32CubeIDE_1.17.0/STM32CubeIDE/plugins/com.st.stm32cube.ide.mcu.externaltools.gnu-tools-for-stm32.12.3.rel1.win32_1.1.0.202410251130/tools/bin/../lib/gcc/arm-none-eabi/12.3.1/../../../../arm-none-eabi/lib/thumb/v7e-m+fp/hard\libc_nano.a(libc_a-exit.o) (__stdio_exit_handler)
C:/ST/STM32CubeIDE_1.17.0/STM32CubeIDE/plugins/com.st.stm32cube.ide.mcu.externaltools.gnu-tools-for-stm32.12.3.rel1.win32_1.1.0.202410251130/tools/bin/../lib/gcc/arm-none-eabi/12.3.1/../../../../arm-none-eabi/lib/thumb/v7e-m+fp/hard\libc_nano.a(libc_a-fwalk.o)
                              C:/ST/STM32CubeIDE_1.17.0/STM32CubeIDE/plugins/com.st.stm32cube.ide.mcu.externaltools.gnu-tools-for-stm32.12.3.rel1.win32_1.1.0.202410251130/tools/bin/../lib/gcc/arm-none-eabi/12.3.1/../../../../arm-none-eabi/lib/thumb/v7e-m+fp/hard\libc_nano.a(libc_a-findfp.o) (_fwalk_sglue)
C:/ST/STM32CubeIDE_1.17.0/STM32CubeIDE/plugins/com.st.stm32cube.ide.mcu.externaltools.gnu-tools-for-stm32.12.3.rel1.win32_1.1.0.202410251130/tools/bin/../lib/gcc/arm-none-eabi/12.3.1/../../../../arm-none-eabi/lib/thumb/v7e-m+fp/hard\libc_nano.a(libc_a-sprintf.o)
                              ./Core/Src/main.o (sprintf)
C:/ST/STM32CubeIDE_1.17.0/STM32CubeIDE/plugins/com.st.stm32cube.ide.mcu.externaltools.gnu-tools-for-stm32.12.3.rel1.win32_1.1.0.202410251130/tools/bin/../lib/gcc/arm-none-eabi/12.3.1/../../../../arm-none-eabi/lib/thumb/v7e-m+fp/hard\libc_nano.a(libc_a-stdio.o)
                              C:/ST/STM32CubeIDE_1.17.0/STM32CubeIDE/plugins/com.st.stm32cube.ide.mcu.externaltools.gnu-tools-for-stm32.12.3.rel1.win32_1.1.0.202410251130/tools/bin/../lib/gcc/arm-none-eabi/12.3.1/../../../../arm-none-eabi/lib/thumb/v7e-m+fp/hard\libc_nano.a(libc_a-findfp.o) (__sread)
C:/ST/STM32CubeIDE_1.17.0/STM32CubeIDE/plugins/com.st.stm32cube.ide.mcu.externaltools.gnu-tools-for-stm32.12.3.rel1.win32_1.1.0.202410251130/tools/bin/../lib/gcc/arm-none-eabi/12.3.1/../../../../arm-none-eabi/lib/thumb/v7e-m+fp/hard\libc_nano.a(libc_a-memset.o)
                              C:/ST/STM32CubeIDE_1.17.0/STM32CubeIDE/plugins/com.st.stm32cube.ide.mcu.externaltools.gnu-tools-for-stm32.12.3.rel1.win32_1.1.0.202410251130/tools/bin/../lib/gcc/arm-none-eabi/12.3.1/../../../../arm-none-eabi/lib/thumb/v7e-m+fp/hard/crt0.o (memset)
C:/ST/STM32CubeIDE_1.17.0/STM32CubeIDE/plugins/com.st.stm32cube.ide.mcu.externaltools.gnu-tools-for-stm32.12.3.rel1.win32_1.1.0.202410251130/tools/bin/../lib/gcc/arm-none-eabi/12.3.1/../../../../arm-none-eabi/lib/thumb/v7e-m+fp/hard\libc_nano.a(libc_a-closer.o)
                              C:/ST/STM32CubeIDE_1.17.0/STM32CubeIDE/plugins/com.st.stm32cube.ide.mcu.externaltools.gnu-tools-for-stm32.12.3.rel1.win32_1.1.0.202410251130/tools/bin/../lib/gcc/arm-none-eabi/12.3.1/../../../../arm-none-eabi/lib/thumb/v7e-m+fp/hard\libc_nano.a(libc_a-stdio.o) (_close_r)
C:/ST/STM32CubeIDE_1.17.0/STM32CubeIDE/plugins/com.st.stm32cube.ide.mcu.externaltools.gnu-tools-for-stm32.12.3.rel1.win32_1.1.0.202410251130/tools/bin/../lib/gcc/arm-none-eabi/12.3.1/../../../../arm-none-eabi/lib/thumb/v7e-m+fp/hard\libc_nano.a(libc_a-reent.o)
                              C:/ST/STM32CubeIDE_1.17.0/STM32CubeIDE/plugins/com.st.stm32cube.ide.mcu.externaltools.gnu-tools-for-stm32.12.3.rel1.win32_1.1.0.202410251130/tools/bin/../lib/gcc/arm-none-eabi/12.3.1/../../../../arm-none-eabi/lib/thumb/v7e-m+fp/hard\libc_nano.a(libc_a-closer.o) (errno)
C:/ST/STM32CubeIDE_1.17.0/STM32CubeIDE/plugins/com.st.stm32cube.ide.mcu.externaltools.gnu-tools-for-stm32.12.3.rel1.win32_1.1.0.202410251130/tools/bin/../lib/gcc/arm-none-eabi/12.3.1/../../../../arm-none-eabi/lib/thumb/v7e-m+fp/hard\libc_nano.a(libc_a-impure.o)
                              C:/ST/STM32CubeIDE_1.17.0/STM32CubeIDE/plugins/com.st.stm32cube.ide.mcu.externaltools.gnu-tools-for-stm32.12.3.rel1.win32_1.1.0.202410251130/tools/bin/../lib/gcc/arm-none-eabi/12.3.1/../../../../arm-none-eabi/lib/thumb/v7e-m+fp/hard\libc_nano.a(libc_a-sprintf.o) (_impure_ptr)
[...]
Memory Configuration

Name             Origin             Length             Attributes
CCMRAM           0x10000000         0x00010000         xrw
RAM              0x20000000         0x00030000         xrw
FLASH            0x08000000         0x00100000         xr
*default*        0x00000000         0xffffffff

Linker script and memory map

LOAD C:/ST/STM32CubeIDE_1.17.0/STM32CubeIDE/plugins/com.st.stm32cube.ide.mcu.externaltools.gnu-tools-for-stm32.12.3.rel1.win32_1.1.0.202410251130/tools/bin/../lib/gcc/arm-none-eabi/12.3.1/thumb/v7e-m+fp/hard/crti.o
LOAD C:/ST/STM32CubeIDE_1.17.0/STM32CubeIDE/plugins/com.st.stm32cube.ide.mcu.externaltools.gnu-tools-for-stm32.12.3.rel1.win32_1.1.0.202410251130/tools/bin/../lib/gcc/arm-none-eabi/12.3.1/thumb/v7e-m+fp/hard/crtbegin.o
LOAD C:/ST/STM32CubeIDE_1.17.0/STM32CubeIDE/plugins/com.st.stm32cube.ide.mcu.externaltools.gnu-tools-for-stm32.12.3.rel1.win32_1.1.0.202410251130/tools/bin/../lib/gcc/arm-none-eabi/12.3.1/../../../../arm-none-eabi/lib/thumb/v7e-m+fp/hard/crt0.o
LOAD ./Core/Src/main.o
LOAD ./Core/Src/stm32f4xx_hal_msp.o
LOAD ./Core/Src/stm32f4xx_it.o
LOAD ./Core/Src/syscalls.o
LOAD ./Core/Src/sysmem.o
LOAD ./Core/Src/system_stm32f4xx.o
LOAD ./Core/Startup/startup_stm32f429zgtx.o
LOAD ./Drivers/STM32F4xx_HAL_Driver/Src/stm32f4xx_hal.o
LOAD ./Drivers/STM32F4xx_HAL_Driver/Src/stm32f4xx_hal_cortex.o
LOAD ./Drivers/STM32F4xx_HAL_Driver/Src/stm32f4xx_hal_dma.o
LOAD ./Drivers/STM32F4xx_HAL_Driver/Src/stm32f4xx_hal_dma_ex.o
LOAD ./Drivers/STM32F4xx_HAL_Driver/Src/stm32f4xx_hal_exti.o
LOAD ./Drivers/STM32F4xx_HAL_Driver/Src/stm32f4xx_hal_flash.o
LOAD ./Drivers/STM32F4xx_HAL_Driver/Src/stm32f4xx_hal_flash_ex.o
LOAD ./Drivers/STM32F4xx_HAL_Driver/Src/stm32f4xx_hal_flash_ramfunc.o
LOAD ./Drivers/STM32F4xx_HAL_Driver/Src/stm32f4xx_hal_gpio.o
LOAD ./Drivers/STM32F4xx_HAL_Driver/Src/stm32f4xx_hal_pcd.o
LOAD ./Drivers/STM32F4xx_HAL_Driver/Src/stm32f4xx_hal_pcd_ex.o
LOAD ./Drivers/STM32F4xx_HAL_Driver/Src/stm32f4xx_hal_pwr.o
LOAD ./Drivers/STM32F4xx_HAL_Driver/Src/stm32f4xx_hal_pwr_ex.o
LOAD ./Drivers/STM32F4xx_HAL_Driver/Src/stm32f4xx_hal_rcc.o
LOAD ./Drivers/STM32F4xx_HAL_Driver/Src/stm32f4xx_hal_rcc_ex.o
LOAD ./Drivers/STM32F4xx_HAL_Driver/Src/stm32f4xx_hal_spi.o
LOAD ./Drivers/STM32F4xx_HAL_Driver/Src/stm32f4xx_ll_usb.o
LOAD ./FATFS/App/fatfs.o
LOAD ./FATFS/Target/user_diskio.o
LOAD ./Middlewares/FATFS_SD/FATFS_SD.o
LOAD ./Middlewares/ST/STM32_USB_Device_Library/Class/CDC/Src/usbd_cdc.o
LOAD ./Middlewares/ST/STM32_USB_Device_Library/Core/Src/usbd_core.o
LOAD ./Middlewares/ST/STM32_USB_Device_Library/Core/Src/usbd_ctlreq.o
LOAD ./Middlewares/ST/STM32_USB_Device_Library/Core/Src/usbd_ioreq.o
LOAD ./Middlewares/Third_Party/FatFs/src/diskio.o
LOAD ./Middlewares/Third_Party/FatFs/src/ff.o
LOAD ./Middlewares/Third_Party/FatFs/src/ff_gen_drv.o
LOAD ./Middlewares/Third_Party/FatFs/src/option/ccsbcs.o
LOAD ./Middlewares/Third_Party/FatFs/src/option/syscall.o
LOAD ./USB_DEVICE/App/usb_device.o
LOAD ./USB_DEVICE/App/usbd_cdc_if.o
LOAD ./USB_DEVICE/App/usbd_desc.o
LOAD ./USB_DEVICE/Target/usbd_conf.o
START GROUP
LOAD C:/ST/STM32CubeIDE_1.17.0/STM32CubeIDE/plugins/com.st.stm32cube.ide.mcu.externaltools.gnu-tools-for-stm32.12.3.rel1.win32_1.1.0.202410251130/tools/bin/../lib/gcc/arm-none-eabi/12.3.1/../../../../arm-none-eabi/lib/thumb/v7e-m+fp/hard\libc_nano.a
LOAD C:/ST/STM32CubeIDE_1.17.0/STM32CubeIDE/plugins/com.st.stm32cube.ide.mcu.externaltools.gnu-tools-for-stm32.12.3.rel1.win32_1.1.0.202410251130/tools/bin/../lib/gcc/arm-none-eabi/12.3.1/../../../../arm-none-eabi/lib/thumb/v7e-m+fp/hard\libm.a
END GROUP
START GROUP
LOAD C:/ST/STM32CubeIDE_1.17.0/STM32CubeIDE/plugins/com.st.stm32cube.ide.mcu.externaltools.gnu-tools-for-stm32.12.3.rel1.win32_1.1.0.202410251130/tools/bin/../lib/gcc/arm-none-eabi/12.3.1/thumb/v7e-m+fp/hard\libgcc.a
LOAD C:/ST/STM32CubeIDE_1.17.0/STM32CubeIDE/plugins/com.st.stm32cube.ide.mcu.externaltools.gnu-tools-for-stm32.12.3.rel1.win32_1.1.0.202410251130/tools/bin/../lib/gcc/arm-none-eabi/12.3.1/../../../../arm-none-eabi/lib/thumb/v7e-m+fp/hard\libc_nano.a
END GROUP
START GROUP
LOAD C:/ST/STM32CubeIDE_1.17.0/STM32CubeIDE/plugins/com.st.stm32cube.ide.mcu.externaltools.gnu-tools-for-stm32.12.3.rel1.win32_1.1.0.202410251130/tools/bin/../lib/gcc/arm-none-eabi/12.3.1/thumb/v7e-m+fp/hard\libgcc.a
LOAD C:/ST/STM32CubeIDE_1.17.0/STM32CubeIDE/plugins/com.st.stm32cube.ide.mcu.externaltools.gnu-tools-for-stm32.12.3.rel1.win32_1.1.0.202410251130/tools/bin/../lib/gcc/arm-none-eabi/12.3.1/../../../../arm-none-eabi/lib/thumb/v7e-m+fp/hard\libc_nano.a
LOAD C:/ST/STM32CubeIDE_1.17.0/STM32CubeIDE/plugins/com.st.stm32cube.ide.mcu.externaltools.gnu-tools-for-stm32.12.3.rel1.win32_1.1.0.202410251130/tools/bin/../lib/gcc/arm-none-eabi/12.3.1/../../../../arm-none-eabi/lib/thumb/v7e-m+fp/hard\libnosys.a
END GROUP
START GROUP
LOAD C:/ST/STM32CubeIDE_1.17.0/STM32CubeIDE/plugins/com.st.stm32cube.ide.mcu.externaltools.gnu-tools-for-stm32.12.3.rel1.win32_1.1.0.202410251130/tools/bin/../lib/gcc/arm-none-eabi/12.3.1/thumb/v7e-m+fp/hard\libgcc.a
LOAD C:/ST/STM32CubeIDE_1.17.0/STM32CubeIDE/plugins/com.st.stm32cube.ide.mcu.externaltools.gnu-tools-for-stm32.12.3.rel1.win32_1.1.0.202410251130/tools/bin/../lib/gcc/arm-none-eabi/12.3.1/../../../../arm-none-eabi/lib/thumb/v7e-m+fp/hard\libc_nano.a
LOAD C:/ST/STM32CubeIDE_1.17.0/STM32CubeIDE/plugins/com.st.stm32cube.ide.mcu.externaltools.gnu-tools-for-stm32.12.3.rel1.win32_1.1.0.202410251130/tools/bin/../lib/gcc/arm-none-eabi/12.3.1/../../../../arm-none-eabi/lib/thumb/v7e-m+fp/hard\libnosys.a
END GROUP
LOAD C:/ST/STM32CubeIDE_1.17.0/STM32CubeIDE/plugins/com.st.stm32cube.ide.mcu.externaltools.gnu-tools-for-stm32.12.3.rel1.win32_1.1.0.202410251130/tools/bin/../lib/gcc/arm-none-eabi/12.3.1/thumb/v7e-m+fp/hard/crtend.o
LOAD C:/ST/STM32CubeIDE_1.17.0/STM32CubeIDE/plugins/com.st.stm32cube.ide.mcu.externaltools.gnu-tools-for-stm32.12.3.rel1.win32_1.1.0.202410251130/tools/bin/../lib/gcc/arm-none-eabi/12.3.1/thumb/v7e-m+fp/hard/crtn.o
                0x20030000                        _estack = (ORIGIN (RAM) + LENGTH (RAM))
                0x00000200                        _Min_Heap_Size = 0x200
                0x00000400                        _Min_Stack_Size = 0x400

.isr_vector     0x08000000      0x1ac
                0x08000000                        . = ALIGN (0x4)
 *(.isr_vector)
 .isr_vector    0x08000000      0x1ac ./Core/Startup/startup_stm32f429zgtx.o
                0x08000000                g_pfnVectors
                0x080001ac                        . = ALIGN (0x4)

.text           0x080001b0     0xcd00
                0x080001b0                        . = ALIGN (0x4)
 *(.text)
 .text          0x080001b0       0x40 C:/ST/STM32CubeIDE_1.17.0/STM32CubeIDE/plugins/com.st.stm32cube.ide.mcu.externaltools.gnu-tools-for-stm32.12.3.rel1.win32_1.1.0.202410251130/tools/bin/../lib/gcc/arm-none-eabi/12.3.1/thumb/v7e-m+fp/hard/crtbegin.o
 .text          0x080001f0       0x10 C:/ST/STM32CubeIDE_1.17.0/STM32CubeIDE/plugins/com.st.stm32cube.ide.mcu.externaltools.gnu-tools-for-stm32.12.3.rel1.win32_1.1.0.202410251130/tools/bin/../lib/gcc/arm-none-eabi/12.3.1/../../../../arm-none-eabi/lib/thumb/v7e-m+fp/hard\libc_nano.a(libc_a-strlen.o)
                0x080001f0                strlen
 .text          0x08000200       0xa0 C:/ST/STM32CubeIDE_1.17.0/STM32CubeIDE/plugins/com.st.stm32cube.ide.mcu.externaltools.gnu-tools-for-stm32.12.3.rel1.win32_1.1.0.202410251130/tools/bin/../lib/gcc/arm-none-eabi/12.3.1/../../../../arm-none-eabi/lib/thumb/v7e-m+fp/hard\libc_nano.a(libc_a-memchr.o)
                0x08000200                memchr
 .text          0x080002a0      0x254 C:/ST/STM32CubeIDE_1.17.0/STM32CubeIDE/plugins/com.st.stm32cube.ide.mcu.externaltools.gnu-tools-for-stm32.12.3.rel1.win32_1.1.0.202410251130/tools/bin/../lib/gcc/arm-none-eabi/12.3.1/thumb/v7e-m+fp/hard\libgcc.a(_arm_muldf3.o)
                0x080002a0                __muldf3
                0x080002a0                __aeabi_dmul
 .text          0x080004f4      0x378 C:/ST/STM32CubeIDE_1.17.0/STM32CubeIDE/plugins/com.st.stm32cube.ide.mcu.externaltools.gnu-tools-for-stm32.12.3.rel1.win32_1.1.0.202410251130/tools/bin/../lib/gcc/arm-none-eabi/12.3.1/thumb/v7e-m+fp/hard\libgcc.a(_arm_addsubdf3.o)
                0x080004f4                __aeabi_drsub
                0x080004fc                __aeabi_dsub
                0x080004fc                __subdf3
                0x08000500                __aeabi_dadd
                0x08000500                __adddf3
                0x08000778                __floatunsidf
                0x08000778                __aeabi_ui2d
                0x08000798                __floatsidf
                0x08000798                __aeabi_i2d
                0x080007bc                __aeabi_f2d
                0x080007bc                __extendsfdf2
                0x08000800                __floatundidf
                0x08000800                __aeabi_ul2d
                0x08000810                __floatdidf
                0x08000810                __aeabi_l2d
 .text          0x0800086c       0x40 C:/ST/STM32CubeIDE_1.17.0/STM32CubeIDE/plugins/com.st.stm32cube.ide.mcu.externaltools.gnu-tools-for-stm32.12.3.rel1.win32_1.1.0.202410251130/tools/bin/../lib/gcc/arm-none-eabi/12.3.1/thumb/v7e-m+fp/hard\libgcc.a(_arm_fixunsdfsi.o)
                0x0800086c                __aeabi_d2uiz
                0x0800086c                __fixunsdfsi
 .text          0x080008ac       0x30 C:/ST/STM32CubeIDE_1.17.0/STM32CubeIDE/plugins/com.st.stm32cube.ide.mcu.externaltools.gnu-tools-for-stm32.12.3.rel1.win32_1.1.0.202410251130/tools/bin/../lib/gcc/arm-none-eabi/12.3.1/thumb/v7e-m+fp/hard\libgcc.a(_aeabi_uldivmod.o)
                0x080008ac                __aeabi_uldivmod
 .text          0x080008dc      0x2bc C:/ST/STM32CubeIDE_1.17.0/STM32CubeIDE/plugins/com.st.stm32cube.ide.mcu.externaltools.gnu-tools-for-stm32.12.3.rel1.win32_1.1.0.202410251130/tools/bin/../lib/gcc/arm-none-eabi/12.3.1/thumb/v7e-m+fp/hard\libgcc.a(_udivmoddi4.o)
                0x080008dc                __udivmoddi4
 .text          0x08000b98        0x4 C:/ST/STM32CubeIDE_1.17.0/STM32CubeIDE/plugins/com.st.stm32cube.ide.mcu.externaltools.gnu-tools-for-stm32.12.3.rel1.win32_1.1.0.202410251130/tools/bin/../lib/gcc/arm-none-eabi/12.3.1/thumb/v7e-m+fp/hard\libgcc.a(_dvmd_tls.o)
                0x08000b98                __aeabi_idiv0
                0x08000b98                __aeabi_ldiv0
 *(.text*)
 .text.USB_CDC_Print
                0x08000b9c       0x26 ./Core/Src/main.o
 *fill*         0x08000bc2        0x2 
 .text.main     0x08000bc4       0x38 ./Core/Src/main.o
                0x08000bc4                main
 .text.SD_Card_Test
                0x08000bfc      0x434 ./Core/Src/main.o
 .text.SystemClock_Config
                0x08001030       0xd8 ./Core/Src/main.o
                0x08001030                SystemClock_Config
 .text.MX_SPI1_Init
                0x08001108       0x6c ./Core/Src/main.o
 .text.MX_GPIO_Init
                0x08001174       0xa4 ./Core/Src/main.o
 .text.Error_Handler
                0x08001218        0xc ./Core/Src/main.o
                0x08001218                Error_Handler
 .text.HAL_MspInit
                0x08001224       0x50 ./Core/Src/stm32f4xx_hal_msp.o
                0x08001224                HAL_MspInit
 .text.HAL_SPI_MspInit
                0x08001274       0x90 ./Core/Src/stm32f4xx_hal_msp.o
                0x08001274                HAL_SPI_MspInit
 .text.NMI_Handler
                0x08001304        0x8 ./Core/Src/stm32f4xx_it.o
                0x08001304                NMI_Handler
 .text.HardFault_Handler
                0x0800130c        0x8 ./Core/Src/stm32f4xx_it.o
                0x0800130c                HardFault_Handler
 .text.MemManage_Handler
                0x08001314        0x8 ./Core/Src/stm32f4xx_it.o
                0x08001314                MemManage_Handler
 .text.BusFault_Handler
                0x0800131c        0x8 ./Core/Src/stm32f4xx_it.o
                0x0800131c                BusFault_Handler
 .text.UsageFault_Handler
                0x08001324        0x8 ./Core/Src/stm32f4xx_it.o
                0x08001324                UsageFault_Handler
 .text.SVC_Handler
                0x0800132c        0xe ./Core/Src/stm32f4xx_it.o
                0x0800132c                SVC_Handler
 .text.DebugMon_Handler
                0x0800133a        0xe ./Core/Src/stm32f4xx_it.o
                0x0800133a                DebugMon_Handler
 .text.PendSV_Handler
                0x08001348        0xe ./Core/Src/stm32f4xx_it.o
                0x08001348                PendSV_Handler
 *fill*         0x08001356        0x2 
 .text.SysTick_Handler
                0x08001358       0x3c ./Core/Src/stm32f4xx_it.o
                0x08001358                SysTick_Handler
 .text.OTG_FS_IRQHandler
                0x08001394       0x14 ./Core/Src/stm32f4xx_it.o
                0x08001394                OTG_FS_IRQHandler
 .text._sbrk    0x080013a8       0x6c ./Core/Src/sysmem.o
                0x080013a8                _sbrk
 .text.SystemInit
                0x08001414       0x24 ./Core/Src/system_stm32f4xx.o
                0x08001414                SystemInit
 .text.Reset_Handler
                0x08001438       0x50 ./Core/Startup/startup_stm32f429zgtx.o
                0x08001438                Reset_Handler
 .text.Default_Handler
                0x08001488        0x2 ./Core/Startup/startup_stm32f429zgtx.o
                0x08001488                RTC_Alarm_IRQHandler
                0x08001488                HASH_RNG_IRQHandler
                0x08001488                EXTI2_IRQHandler
                0x08001488                TIM8_CC_IRQHandler
                0x08001488                UART8_IRQHandler
                0x08001488                SPI4_IRQHandler
                0x08001488                TIM1_CC_IRQHandler
                0x08001488                DMA2_Stream5_IRQHandler
                0x08001488                DMA1_Stream5_IRQHandler
                0x08001488                PVD_IRQHandler
                0x08001488                SDIO_IRQHandler
                0x08001488                TAMP_STAMP_IRQHandler
                0x08001488                CAN2_RX1_IRQHandler
                0x08001488                EXTI3_IRQHandler
                0x08001488                TIM8_TRG_COM_TIM14_IRQHandler
                0x08001488                TIM1_UP_TIM10_IRQHandler
                0x08001488                TIM8_UP_TIM13_IRQHandler
                0x08001488                I2C3_ER_IRQHandler
                0x08001488                EXTI0_IRQHandler
                0x08001488                I2C2_EV_IRQHandler
                0x08001488                DMA1_Stream2_IRQHandler
                0x08001488                CAN1_RX0_IRQHandler
                0x08001488                FPU_IRQHandler
                0x08001488                OTG_HS_WKUP_IRQHandler
                0x08001488                LTDC_ER_IRQHandler
                0x08001488                CAN2_SCE_IRQHandler
                0x08001488                DMA2_Stream2_IRQHandler
                0x08001488                SPI1_IRQHandler
                0x08001488                TIM6_DAC_IRQHandler
                0x08001488                TIM1_BRK_TIM9_IRQHandler
                0x08001488                DCMI_IRQHandler
                0x08001488                CAN2_RX0_IRQHandler
                0x08001488                DMA2_Stream3_IRQHandler
                0x08001488                USART6_IRQHandler
                0x08001488                USART3_IRQHandler
                0x08001488                CAN1_RX1_IRQHandler
                0x08001488                UART5_IRQHandler
                0x08001488                DMA2_Stream0_IRQHandler
                0x08001488                TIM4_IRQHandler
                0x08001488                I2C1_EV_IRQHandler
                0x08001488                DMA1_Stream6_IRQHandler
                0x08001488                DMA1_Stream1_IRQHandler
                0x08001488                UART4_IRQHandler
                0x08001488                TIM3_IRQHandler
                0x08001488                RCC_IRQHandler
                0x08001488                TIM8_BRK_TIM12_IRQHandler
                0x08001488                Default_Handler
                0x08001488                EXTI15_10_IRQHandler
                0x08001488                ADC_IRQHandler
                0x08001488                DMA1_Stream7_IRQHandler
                0x08001488                SPI5_IRQHandler
                0x08001488                TIM7_IRQHandler
                0x08001488                CAN2_TX_IRQHandler
                0x08001488                TIM5_IRQHandler
                0x08001488                DMA2_Stream7_IRQHandler
                0x08001488                I2C3_EV_IRQHandler
                0x08001488                EXTI9_5_IRQHandler
                0x08001488                RTC_WKUP_IRQHandler
                0x08001488                LTDC_IRQHandler
                0x08001488                ETH_WKUP_IRQHandler
                0x08001488                SPI2_IRQHandler
                0x08001488                OTG_HS_EP1_IN_IRQHandler
                0x08001488                DMA1_Stream0_IRQHandler
                0x08001488                CAN1_TX_IRQHandler
                0x08001488                EXTI4_IRQHandler
                0x08001488                ETH_IRQHandler
                0x08001488                OTG_HS_EP1_OUT_IRQHandler
                0x08001488                WWDG_IRQHandler
                0x08001488                SPI6_IRQHandler
                0x08001488                TIM2_IRQHandler
                0x08001488                OTG_FS_WKUP_IRQHandler
                0x08001488                TIM1_TRG_COM_TIM11_IRQHandler
                0x08001488                OTG_HS_IRQHandler
                0x08001488                DMA2D_IRQHandler
                0x08001488                EXTI1_IRQHandler
                0x08001488                UART7_IRQHandler
                0x08001488                USART2_IRQHandler
                0x08001488                I2C2_ER_IRQHandler
                0x08001488                DMA2_Stream1_IRQHandler
                0x08001488                CAN1_SCE_IRQHandler
                0x08001488                FLASH_IRQHandler
                0x08001488                DMA2_Stream4_IRQHandler
                0x08001488                USART1_IRQHandler
                0x08001488                SPI3_IRQHandler
                0x08001488                DMA1_Stream4_IRQHandler
                0x08001488                I2C1_ER_IRQHandler
                0x08001488                FMC_IRQHandler
                0x08001488                DMA2_Stream6_IRQHandler
                0x08001488                SAI1_IRQHandler
                0x08001488                DMA1_Stream3_IRQHandler
 *fill*         0x0800148a        0x2 
 .text.HAL_Init
                0x0800148c       0x44 ./Drivers/STM32F4xx_HAL_Driver/Src/stm32f4xx_hal.o
                0x0800148c                HAL_Init
 .text.HAL_InitTick
                0x080014d0       0x60 ./Drivers/STM32F4xx_HAL_Driver/Src/stm32f4xx_hal.o
                0x080014d0                HAL_InitTick
 .text.HAL_IncTick
                0x08001530       0x28 ./Drivers/STM32F4xx_HAL_Driver/Src/stm32f4xx_hal.o
                0x08001530                HAL_IncTick
 .text.HAL_GetTick
                0x08001558       0x18 ./Drivers/STM32F4xx_HAL_Driver/Src/stm32f4xx_hal.o
                0x08001558                HAL_GetTick
 .text.HAL_Delay
                0x08001570       0x48 ./Drivers/STM32F4xx_HAL_Driver/Src/stm32f4xx_hal.o
                0x08001570                HAL_Delay
 .text.__NVIC_SetPriorityGrouping
                0x080015b8       0x48 ./Drivers/STM32F4xx_HAL_Driver/Src/stm32f4xx_hal_cortex.o
 .text.__NVIC_GetPriorityGrouping
                0x08001600       0x1c ./Drivers/STM32F4xx_HAL_Driver/Src/stm32f4xx_hal_cortex.o
 .text.__NVIC_EnableIRQ
                0x0800161c       0x3c ./Drivers/STM32F4xx_HAL_Driver/Src/stm32f4xx_hal_cortex.o
 .text.__NVIC_SetPriority
                0x08001658       0x54 ./Drivers/STM32F4xx_HAL_Driver/Src/stm32f4xx_hal_cortex.o
 .text.NVIC_EncodePriority
                0x080016ac       0x66 ./Drivers/STM32F4xx_HAL_Driver/Src/stm32f4xx_hal_cortex.o
 *fill*         0x08001712        0x2 
 .text.SysTick_Config
                0x08001714       0x44 ./Drivers/STM32F4xx_HAL_Driver/Src/stm32f4xx_hal_cortex.o
 .text.HAL_NVIC_SetPriorityGrouping
                0x08001758       0x16 ./Drivers/STM32F4xx_HAL_Driver/Src/stm32f4xx_hal_cortex.o
                0x08001758                HAL_NVIC_SetPriorityGrouping
 .text.HAL_NVIC_SetPriority
                0x0800176e       0x38 ./Drivers/STM32F4xx_HAL_Driver/Src/stm32f4xx_hal_cortex.o
                0x0800176e                HAL_NVIC_SetPriority
 .text.HAL_NVIC_EnableIRQ
                0x080017a6       0x1c ./Drivers/STM32F4xx_HAL_Driver/Src/stm32f4xx_hal_cortex.o
                0x080017a6                HAL_NVIC_EnableIRQ
 .text.HAL_SYSTICK_Config
                0x080017c2       0x18 ./Drivers/STM32F4xx_HAL_Driver/Src/stm32f4xx_hal_cortex.o
                0x080017c2                HAL_SYSTICK_Config
 *fill*         0x080017da        0x2 
 .text.HAL_GPIO_Init
                0x080017dc      0x358 ./Drivers/STM32F4xx_HAL_Driver/Src/stm32f4xx_hal_gpio.o
                0x080017dc                HAL_GPIO_Init
 .text.HAL_GPIO_WritePin
                0x08001b34       0x32 ./Drivers/STM32F4xx_HAL_Driver/Src/stm32f4xx_hal_gpio.o
                0x08001b34                HAL_GPIO_WritePin
 .text.HAL_PCD_Init
                0x08001b66      0x21e ./Drivers/STM32F4xx_HAL_Driver/Src/stm32f4xx_hal_pcd.o
                0x08001b66                HAL_PCD_Init
 .text.HAL_PCD_Start
                0x08001d84       0x6a ./Drivers/STM32F4xx_HAL_Driver/Src/stm32f4xx_hal_pcd.o
                0x08001d84                HAL_PCD_Start
 .text.HAL_PCD_IRQHandler
                0x08001dee      0x942 ./Drivers/STM32F4xx_HAL_Driver/Src/stm32f4xx_hal_pcd.o
                0x08001dee                HAL_PCD_IRQHandler
 .text.HAL_PCD_SetAddress
                0x08002730       0x48 ./Drivers/STM32F4xx_HAL_Driver/Src/stm32f4xx_hal_pcd.o
                0x08002730                HAL_PCD_SetAddress
 .text.HAL_PCD_EP_Open
                0x08002778       0xd4 ./Drivers/STM32F4xx_HAL_Driver/Src/stm32f4xx_hal_pcd.o
                0x08002778                HAL_PCD_EP_Open
 .text.HAL_PCD_EP_Close
                0x0800284c       0x94 ./Drivers/STM32F4xx_HAL_Driver/Src/stm32f4xx_hal_pcd.o
                0x0800284c                HAL_PCD_EP_Close
 .text.HAL_PCD_EP_Receive
                0x080028e0       0x76 ./Drivers/STM32F4xx_HAL_Driver/Src/stm32f4xx_hal_pcd.o
                0x080028e0                HAL_PCD_EP_Receive
 .text.HAL_PCD_EP_GetRxCount
                0x08002956       0x30 ./Drivers/STM32F4xx_HAL_Driver/Src/stm32f4xx_hal_pcd.o
                0x08002956                HAL_PCD_EP_GetRxCount
 .text.HAL_PCD_EP_Transmit
                0x08002986       0x74 ./Drivers/STM32F4xx_HAL_Driver/Src/stm32f4xx_hal_pcd.o
                0x08002986                HAL_PCD_EP_Transmit
 .text.HAL_PCD_EP_SetStall
                0x080029fa       0xc6 ./Drivers/STM32F4xx_HAL_Driver/Src/stm32f4xx_hal_pcd.o
                0x080029fa                HAL_PCD_EP_SetStall
 .text.HAL_PCD_EP_ClrStall
                0x08002ac0       0xac ./Drivers/STM32F4xx_HAL_Driver/Src/stm32f4xx_hal_pcd.o
                0x08002ac0                HAL_PCD_EP_ClrStall
 .text.HAL_PCD_EP_Abort
                0x08002b6c       0x62 ./Drivers/STM32F4xx_HAL_Driver/Src/stm32f4xx_hal_pcd.o
                0x08002b6c                HAL_PCD_EP_Abort
 .text.PCD_WriteEmptyTxFifo
                0x08002bce      0x118 ./Drivers/STM32F4xx_HAL_Driver/Src/stm32f4xx_hal_pcd.o
 *fill*         0x08002ce6        0x2 
 .text.PCD_EP_OutXfrComplete_int
                0x08002ce8      0x1d0 ./Drivers/STM32F4xx_HAL_Driver/Src/stm32f4xx_hal_pcd.o
 .text.PCD_EP_OutSetupPacket_int
                0x08002eb8       0x8c ./Drivers/STM32F4xx_HAL_Driver/Src/stm32f4xx_hal_pcd.o
 .text.HAL_PCDEx_SetTxFiFo
                0x08002f44       0x8e ./Drivers/STM32F4xx_HAL_Driver/Src/stm32f4xx_hal_pcd_ex.o
                0x08002f44                HAL_PCDEx_SetTxFiFo
 .text.HAL_PCDEx_SetRxFiFo
                0x08002fd2       0x22 ./Drivers/STM32F4xx_HAL_Driver/Src/stm32f4xx_hal_pcd_ex.o
                0x08002fd2                HAL_PCDEx_SetRxFiFo
 .text.HAL_PCDEx_LPM_Callback
                0x08002ff4       0x18 ./Drivers/STM32F4xx_HAL_Driver/Src/stm32f4xx_hal_pcd_ex.o
                0x08002ff4                HAL_PCDEx_LPM_Callback
 .text.HAL_RCC_OscConfig
                0x0800300c      0x4f0 ./Drivers/STM32F4xx_HAL_Driver/Src/stm32f4xx_hal_rcc.o
                0x0800300c                HAL_RCC_OscConfig
 .text.HAL_RCC_ClockConfig
                0x080034fc      0x1cc ./Drivers/STM32F4xx_HAL_Driver/Src/stm32f4xx_hal_rcc.o
                0x080034fc                HAL_RCC_ClockConfig
 .text.HAL_RCC_GetSysClockFreq
                0x080036c8      0x20c ./Drivers/STM32F4xx_HAL_Driver/Src/stm32f4xx_hal_rcc.o
                0x080036c8                HAL_RCC_GetSysClockFreq
 .text.HAL_RCC_GetHCLKFreq
                0x080038d4       0x18 ./Drivers/STM32F4xx_HAL_Driver/Src/stm32f4xx_hal_rcc.o
                0x080038d4                HAL_RCC_GetHCLKFreq
 .text.HAL_SPI_Init
                0x080038ec      0x112 ./Drivers/STM32F4xx_HAL_Driver/Src/stm32f4xx_hal_spi.o
                0x080038ec                HAL_SPI_Init
 .text.HAL_SPI_Transmit
                0x080039fe      0x288 ./Drivers/STM32F4xx_HAL_Driver/Src/stm32f4xx_hal_spi.o
                0x080039fe                HAL_SPI_Transmit
 .text.HAL_SPI_TransmitReceive
                0x08003c86      0x352 ./Drivers/STM32F4xx_HAL_Driver/Src/stm32f4xx_hal_spi.o
                0x08003c86                HAL_SPI_TransmitReceive
 .text.SPI_WaitFlagStateUntilTimeout
                0x08003fd8      0x110 ./Drivers/STM32F4xx_HAL_Driver/Src/stm32f4xx_hal_spi.o
 .text.SPI_EndRxTxTransaction
                0x080040e8       0xa8 ./Drivers/STM32F4xx_HAL_Driver/Src/stm32f4xx_hal_spi.o
 .text.USB_CoreInit
                0x08004190       0xc8 ./Drivers/STM32F4xx_HAL_Driver/Src/stm32f4xx_ll_usb.o
                0x08004190                USB_CoreInit
 .text.USB_SetTurnaroundTime
                0x08004258      0x144 ./Drivers/STM32F4xx_HAL_Driver/Src/stm32f4xx_ll_usb.o
                0x08004258                USB_SetTurnaroundTime
 .text.USB_EnableGlobalInt
                0x0800439c       0x22 ./Drivers/STM32F4xx_HAL_Driver/Src/stm32f4xx_ll_usb.o
                0x0800439c                USB_EnableGlobalInt
 .text.USB_DisableGlobalInt
                0x080043be       0x22 ./Drivers/STM32F4xx_HAL_Driver/Src/stm32f4xx_ll_usb.o
                0x080043be                USB_DisableGlobalInt
 .text.USB_SetCurrentMode
                0x080043e0       0x98 ./Drivers/STM32F4xx_HAL_Driver/Src/stm32f4xx_ll_usb.o
                0x080043e0                USB_SetCurrentMode
 .text.USB_DevInit
                0x08004478      0x2c8 ./Drivers/STM32F4xx_HAL_Driver/Src/stm32f4xx_ll_usb.o
                0x08004478                USB_DevInit
 .text.USB_FlushTxFifo
                0x08004740       0x64 ./Drivers/STM32F4xx_HAL_Driver/Src/stm32f4xx_ll_usb.o
                0x08004740                USB_FlushTxFifo
 .text.USB_FlushRxFifo
                0x080047a4       0x5c ./Drivers/STM32F4xx_HAL_Driver/Src/stm32f4xx_ll_usb.o
                0x080047a4                USB_FlushRxFifo
 .text.USB_SetDevSpeed
                0x08004800       0x32 ./Drivers/STM32F4xx_HAL_Driver/Src/stm32f4xx_ll_usb.o
                0x08004800                USB_SetDevSpeed
 .text.USB_GetDevSpeed
                0x08004832       0x4a ./Drivers/STM32F4xx_HAL_Driver/Src/stm32f4xx_ll_usb.o
                0x08004832                USB_GetDevSpeed
 .text.USB_ActivateEndpoint
                0x0800487c      0x10e ./Drivers/STM32F4xx_HAL_Driver/Src/stm32f4xx_ll_usb.o
                0x0800487c                USB_ActivateEndpoint
 *fill*         0x0800498a        0x2 
 .text.USB_DeactivateEndpoint
                0x0800498c      0x1b8 ./Drivers/STM32F4xx_HAL_Driver/Src/stm32f4xx_ll_usb.o
                0x0800498c                USB_DeactivateEndpoint
 .text.USB_EPStartXfer
                0x08004b44      0x53c ./Drivers/STM32F4xx_HAL_Driver/Src/stm32f4xx_ll_usb.o
                0x08004b44                USB_EPStartXfer
 .text.USB_EPStopXfer
                0x08005080      0x154 ./Drivers/STM32F4xx_HAL_Driver/Src/stm32f4xx_ll_usb.o
                0x08005080                USB_EPStopXfer
 .text.USB_WritePacket
                0x080051d4       0x7c ./Drivers/STM32F4xx_HAL_Driver/Src/stm32f4xx_ll_usb.o
                0x080051d4                USB_WritePacket
 .text.USB_ReadPacket
                0x08005250       0xb0 ./Drivers/STM32F4xx_HAL_Driver/Src/stm32f4xx_ll_usb.o
                0x08005250                USB_ReadPacket
 .text.USB_EPSetStall
                0x08005300       0xdc ./Drivers/STM32F4xx_HAL_Driver/Src/stm32f4xx_ll_usb.o
                0x08005300                USB_EPSetStall
 .text.USB_EPClearStall
                0x080053dc       0xcc ./Drivers/STM32F4xx_HAL_Driver/Src/stm32f4xx_ll_usb.o
                0x080053dc                USB_EPClearStall
 .text.USB_SetDevAddress
                0x080054a8       0x4c ./Drivers/STM32F4xx_HAL_Driver/Src/stm32f4xx_ll_usb.o
                0x080054a8                USB_SetDevAddress
 .text.USB_DevConnect
                0x080054f4       0x42 ./Drivers/STM32F4xx_HAL_Driver/Src/stm32f4xx_ll_usb.o
                0x080054f4                USB_DevConnect
 .text.USB_DevDisconnect
                0x08005536       0x42 ./Drivers/STM32F4xx_HAL_Driver/Src/stm32f4xx_ll_usb.o
                0x08005536                USB_DevDisconnect
 .text.USB_ReadInterrupts
                0x08005578       0x26 ./Drivers/STM32F4xx_HAL_Driver/Src/stm32f4xx_ll_usb.o
                0x08005578                USB_ReadInterrupts
 .text.USB_ReadDevAllOutEpInterrupt
                0x0800559e       0x34 ./Drivers/STM32F4xx_HAL_Driver/Src/stm32f4xx_ll_usb.o
                0x0800559e                USB_ReadDevAllOutEpInterrupt
 .text.USB_ReadDevAllInEpInterrupt
                0x080055d2       0x34 ./Drivers/STM32F4xx_HAL_Driver/Src/stm32f4xx_ll_usb.o
                0x080055d2                USB_ReadDevAllInEpInterrupt
 .text.USB_ReadDevOutEPInterrupt
                0x08005606       0x3c ./Drivers/STM32F4xx_HAL_Driver/Src/stm32f4xx_ll_usb.o
                0x08005606                USB_ReadDevOutEPInterrupt
 .text.USB_ReadDevInEPInterrupt
                0x08005642       0x5c ./Drivers/STM32F4xx_HAL_Driver/Src/stm32f4xx_ll_usb.o
                0x08005642                USB_ReadDevInEPInterrupt
 .text.USB_GetMode
                0x0800569e       0x1c ./Drivers/STM32F4xx_HAL_Driver/Src/stm32f4xx_ll_usb.o
                0x0800569e                USB_GetMode
 .text.USB_ActivateSetup
                0x080056ba       0x46 ./Drivers/STM32F4xx_HAL_Driver/Src/stm32f4xx_ll_usb.o
                0x080056ba                USB_ActivateSetup
 .text.USB_EP0_OutStart
                0x08005700       0xbc ./Drivers/STM32F4xx_HAL_Driver/Src/stm32f4xx_ll_usb.o
                0x08005700                USB_EP0_OutStart
 .text.USB_CoreReset
                0x080057bc       0x70 ./Drivers/STM32F4xx_HAL_Driver/Src/stm32f4xx_ll_usb.o
 .text.MX_FATFS_Init
                0x0800582c       0x24 ./FATFS/App/fatfs.o
                0x0800582c                MX_FATFS_Init
 .text.get_fattime
                0x08005850       0x10 ./FATFS/App/fatfs.o
                0x08005850                get_fattime
 .text.USER_initialize
                0x08005860       0x1e ./FATFS/Target/user_diskio.o
                0x08005860                USER_initialize
 .text.USER_status
                0x0800587e       0x1e ./FATFS/Target/user_diskio.o
                0x0800587e                USER_status
 .text.USER_read
                0x0800589c       0x28 ./FATFS/Target/user_diskio.o
                0x0800589c                USER_read
 .text.USER_write
                0x080058c4       0x28 ./FATFS/Target/user_diskio.o
                0x080058c4                USER_write
 .text.USER_ioctl
                0x080058ec       0x28 ./FATFS/Target/user_diskio.o
                0x080058ec                USER_ioctl
 .text.SELECT   0x08005914       0x18 ./Middlewares/FATFS_SD/FATFS_SD.o
 .text.DESELECT
                0x0800592c       0x18 ./Middlewares/FATFS_SD/FATFS_SD.o
 .text.SPI_TxByte
                0x08005944       0x34 ./Middlewares/FATFS_SD/FATFS_SD.o
 .text.SPI_TxBuffer
                0x08005978       0x34 ./Middlewares/FATFS_SD/FATFS_SD.o
 .text.SPI_RxByte
                0x080059ac       0x38 ./Middlewares/FATFS_SD/FATFS_SD.o
 .text.SPI_RxBytePtr
                0x080059e4       0x1c ./Middlewares/FATFS_SD/FATFS_SD.o
 .text.SD_ReadyWait
                0x08005a00       0x34 ./Middlewares/FATFS_SD/FATFS_SD.o
 .text.SD_PowerOn
                0x08005a34       0x84 ./Middlewares/FATFS_SD/FATFS_SD.o
 .text.SD_PowerOff
                0x08005ab8       0x18 ./Middlewares/FATFS_SD/FATFS_SD.o
 .text.SD_CheckPower
                0x08005ad0       0x18 ./Middlewares/FATFS_SD/FATFS_SD.o
 .text.SD_RxDataBlock
                0x08005ae8       0x5c ./Middlewares/FATFS_SD/FATFS_SD.o
 .text.SD_TxDataBlock
                0x08005b44       0x86 ./Middlewares/FATFS_SD/FATFS_SD.o
 .text.SD_SendCmd
                0x08005bca       0xa8 ./Middlewares/FATFS_SD/FATFS_SD.o
 *fill*         0x08005c72        0x2 
 .text.SD_disk_initialize
                0x08005c74      0x1cc ./Middlewares/FATFS_SD/FATFS_SD.o
                0x08005c74                SD_disk_initialize
 .text.SD_disk_status
                0x08005e40       0x2c ./Middlewares/FATFS_SD/FATFS_SD.o
                0x08005e40                SD_disk_status
 .text.SD_disk_read
                0x08005e6c       0xd4 ./Middlewares/FATFS_SD/FATFS_SD.o
                0x08005e6c                SD_disk_read
 .text.SD_disk_write
                0x08005f40      0x108 ./Middlewares/FATFS_SD/FATFS_SD.o
                0x08005f40                SD_disk_write
 .text.SD_disk_ioctl
                0x08006048      0x254 ./Middlewares/FATFS_SD/FATFS_SD.o
                0x08006048                SD_disk_ioctl
 .text.USBD_CDC_Init
                0x0800629c      0x1f0 ./Middlewares/ST/STM32_USB_Device_Library/Class/CDC/Src/usbd_cdc.o
 .text.USBD_CDC_DeInit
                0x0800648c      0x104 ./Middlewares/ST/STM32_USB_Device_Library/Class/CDC/Src/usbd_cdc.o
 .text.USBD_CDC_Setup
                0x08006590      0x1b8 ./Middlewares/ST/STM32_USB_Device_Library/Class/CDC/Src/usbd_cdc.o
 .text.USBD_CDC_DataIn
                0x08006748       0xfe ./Middlewares/ST/STM32_USB_Device_Library/Class/CDC/Src/usbd_cdc.o
 .text.USBD_CDC_DataOut
                0x08006846       0x70 ./Middlewares/ST/STM32_USB_Device_Library/Class/CDC/Src/usbd_cdc.o
 .text.USBD_CDC_EP0_RxReady
                0x080068b6       0x74 ./Middlewares/ST/STM32_USB_Device_Library/Class/CDC/Src/usbd_cdc.o
 *fill*         0x0800692a        0x2 
 .text.USBD_CDC_GetFSCfgDesc
                0x0800692c       0x70 ./Middlewares/ST/STM32_USB_Device_Library/Class/CDC/Src/usbd_cdc.o
 .text.USBD_CDC_GetHSCfgDesc
                0x0800699c       0x70 ./Middlewares/ST/STM32_USB_Device_Library/Class/CDC/Src/usbd_cdc.o
 .text.USBD_CDC_GetOtherSpeedCfgDesc
                0x08006a0c       0x70 ./Middlewares/ST/STM32_USB_Device_Library/Class/CDC/Src/usbd_cdc.o
 .text.USBD_CDC_GetDeviceQualifierDescriptor
                0x08006a7c       0x20 ./Middlewares/ST/STM32_USB_Device_Library/Class/CDC/Src/usbd_cdc.o
                0x08006a7c                USBD_CDC_GetDeviceQualifierDescriptor
 .text.USBD_CDC_RegisterInterface
                0x08006a9c       0x34 ./Middlewares/ST/STM32_USB_Device_Library/Class/CDC/Src/usbd_cdc.o
                0x08006a9c                USBD_CDC_RegisterInterface
 .text.USBD_CDC_SetTxBuffer
                0x08006ad0       0x44 ./Middlewares/ST/STM32_USB_Device_Library/Class/CDC/Src/usbd_cdc.o
                0x08006ad0                USBD_CDC_SetTxBuffer
 .text.USBD_CDC_SetRxBuffer
                0x08006b14       0x3a ./Middlewares/ST/STM32_USB_Device_Library/Class/CDC/Src/usbd_cdc.o
                0x08006b14                USBD_CDC_SetRxBuffer
 *fill*         0x08006b4e        0x2 
 .text.USBD_CDC_TransmitPacket
                0x08006b50       0x80 ./Middlewares/ST/STM32_USB_Device_Library/Class/CDC/Src/usbd_cdc.o
                0x08006b50                USBD_CDC_TransmitPacket
 .text.USBD_CDC_ReceivePacket
                0x08006bd0       0x6c ./Middlewares/ST/STM32_USB_Device_Library/Class/CDC/Src/usbd_cdc.o
                0x08006bd0                USBD_CDC_ReceivePacket
 .text.USBD_Init
                0x08006c3c       0x60 ./Middlewares/ST/STM32_USB_Device_Library/Core/Src/usbd_core.o
                0x08006c3c                USBD_Init
 .text.USBD_RegisterClass
                0x08006c9c       0x6c ./Middlewares/ST/STM32_USB_Device_Library/Core/Src/usbd_core.o
                0x08006c9c                USBD_RegisterClass
 .text.USBD_Start
                0x08006d08       0x18 ./Middlewares/ST/STM32_USB_Device_Library/Core/Src/usbd_core.o
                0x08006d08                USBD_Start
 .text.USBD_RunTestMode
                0x08006d20       0x16 ./Middlewares/ST/STM32_USB_Device_Library/Core/Src/usbd_core.o
                0x08006d20                USBD_RunTestMode
 .text.USBD_SetClassConfig
                0x08006d36       0x38 ./Middlewares/ST/STM32_USB_Device_Library/Core/Src/usbd_core.o
                0x08006d36                USBD_SetClassConfig
 .text.USBD_ClrClassConfig
                0x08006d6e       0x34 ./Middlewares/ST/STM32_USB_Device_Library/Core/Src/usbd_core.o
                0x08006d6e                USBD_ClrClassConfig
 .text.USBD_LL_SetupStage
                0x08006da2       0xaa ./Middlewares/ST/STM32_USB_Device_Library/Core/Src/usbd_core.o
                0x08006da2                USBD_LL_SetupStage
 .text.USBD_LL_DataOutStage
                0x08006e4c      0x178 ./Middlewares/ST/STM32_USB_Device_Library/Core/Src/usbd_core.o
                0x08006e4c                USBD_LL_DataOutStage
 .text.USBD_LL_DataInStage
                0x08006fc4      0x176 ./Middlewares/ST/STM32_USB_Device_Library/Core/Src/usbd_core.o
                0x08006fc4                USBD_LL_DataInStage
 .text.USBD_LL_Reset
                0x0800713a       0xa6 ./Middlewares/ST/STM32_USB_Device_Library/Core/Src/usbd_core.o
                0x0800713a                USBD_LL_Reset
 .text.USBD_LL_SetSpeed
                0x080071e0       0x20 ./Middlewares/ST/STM32_USB_Device_Library/Core/Src/usbd_core.o
                0x080071e0                USBD_LL_SetSpeed
 .text.USBD_LL_Suspend
                0x08007200       0x38 ./Middlewares/ST/STM32_USB_Device_Library/Core/Src/usbd_core.o
                0x08007200                USBD_LL_Suspend
 .text.USBD_LL_Resume
                0x08007238       0x30 ./Middlewares/ST/STM32_USB_Device_Library/Core/Src/usbd_core.o
                0x08007238                USBD_LL_Resume
 .text.USBD_LL_SOF
                0x08007268       0x40 ./Middlewares/ST/STM32_USB_Device_Library/Core/Src/usbd_core.o
                0x08007268                USBD_LL_SOF
 .text.USBD_LL_IsoINIncomplete
                0x080072a8       0x64 ./Middlewares/ST/STM32_USB_Device_Library/Core/Src/usbd_core.o
                0x080072a8                USBD_LL_IsoINIncomplete
 .text.USBD_LL_IsoOUTIncomplete
                0x0800730c       0x64 ./Middlewares/ST/STM32_USB_Device_Library/Core/Src/usbd_core.o
                0x0800730c                USBD_LL_IsoOUTIncomplete
 .text.USBD_LL_DevConnected
                0x08007370       0x16 ./Middlewares/ST/STM32_USB_Device_Library/Core/Src/usbd_core.o
                0x08007370                USBD_LL_DevConnected
 .text.USBD_LL_DevDisconnected
                0x08007386       0x46 ./Middlewares/ST/STM32_USB_Device_Library/Core/Src/usbd_core.o
                0x08007386                USBD_LL_DevDisconnected
 .text.USBD_CoreFindIF
                0x080073cc       0x1a ./Middlewares/ST/STM32_USB_Device_Library/Core/Src/usbd_core.o
                0x080073cc                USBD_CoreFindIF
 .text.USBD_CoreFindEP
                0x080073e6       0x1a ./Middlewares/ST/STM32_USB_Device_Library/Core/Src/usbd_core.o
                0x080073e6                USBD_CoreFindEP
 .text.USBD_GetEpDesc
                0x08007400       0x70 ./Middlewares/ST/STM32_USB_Device_Library/Core/Src/usbd_core.o
                0x08007400                USBD_GetEpDesc
 .text.USBD_GetNextDesc
                0x08007470       0x38 ./Middlewares/ST/STM32_USB_Device_Library/Core/Src/usbd_core.o
                0x08007470                USBD_GetNextDesc
 .text.SWAPBYTE
                0x080074a8       0x3c ./Middlewares/ST/STM32_USB_Device_Library/Core/Src/usbd_ctlreq.o
 .text.USBD_StdDevReq
                0x080074e4       0xe4 ./Middlewares/ST/STM32_USB_Device_Library/Core/Src/usbd_ctlreq.o
                0x080074e4                USBD_StdDevReq
 .text.USBD_StdItfReq
                0x080075c8       0xd8 ./Middlewares/ST/STM32_USB_Device_Library/Core/Src/usbd_ctlreq.o
                0x080075c8                USBD_StdItfReq
 .text.USBD_StdEPReq
                0x080076a0      0x33e ./Middlewares/ST/STM32_USB_Device_Library/Core/Src/usbd_ctlreq.o
                0x080076a0                USBD_StdEPReq
 *fill*         0x080079de        0x2 
 .text.USBD_GetDescriptor
                0x080079e0      0x2d4 ./Middlewares/ST/STM32_USB_Device_Library/Core/Src/usbd_ctlreq.o
 .text.USBD_SetAddress
                0x08007cb4       0x88 ./Middlewares/ST/STM32_USB_Device_Library/Core/Src/usbd_ctlreq.o
 .text.USBD_SetConfig
                0x08007d3c      0x154 ./Middlewares/ST/STM32_USB_Device_Library/Core/Src/usbd_ctlreq.o
 .text.USBD_GetConfig
                0x08007e90       0x6c ./Middlewares/ST/STM32_USB_Device_Library/Core/Src/usbd_ctlreq.o
 .text.USBD_GetStatus
                0x08007efc       0x68 ./Middlewares/ST/STM32_USB_Device_Library/Core/Src/usbd_ctlreq.o
 .text.USBD_SetFeature
                0x08007f64       0x52 ./Middlewares/ST/STM32_USB_Device_Library/Core/Src/usbd_ctlreq.o
 .text.USBD_ClrFeature
                0x08007fb6       0x44 ./Middlewares/ST/STM32_USB_Device_Library/Core/Src/usbd_ctlreq.o
 .text.USBD_ParseSetupRequest
                0x08007ffa       0x74 ./Middlewares/ST/STM32_USB_Device_Library/Core/Src/usbd_ctlreq.o
                0x08007ffa                USBD_ParseSetupRequest
 .text.USBD_CtlError
                0x0800806e       0x22 ./Middlewares/ST/STM32_USB_Device_Library/Core/Src/usbd_ctlreq.o
                0x0800806e                USBD_CtlError
 .text.USBD_GetString
                0x08008090       0xa4 ./Middlewares/ST/STM32_USB_Device_Library/Core/Src/usbd_ctlreq.o
                0x08008090                USBD_GetString
 .text.USBD_GetLen
                0x08008134       0x34 ./Middlewares/ST/STM32_USB_Device_Library/Core/Src/usbd_ctlreq.o
 .text.USBD_CtlSendData
                0x08008168       0x3c ./Middlewares/ST/STM32_USB_Device_Library/Core/Src/usbd_ioreq.o
                0x08008168                USBD_CtlSendData
 .text.USBD_CtlContinueSendData
                0x080081a4       0x22 ./Middlewares/ST/STM32_USB_Device_Library/Core/Src/usbd_ioreq.o
                0x080081a4                USBD_CtlContinueSendData
 .text.USBD_CtlPrepareRx
                0x080081c6       0x42 ./Middlewares/ST/STM32_USB_Device_Library/Core/Src/usbd_ioreq.o
                0x080081c6                USBD_CtlPrepareRx
 .text.USBD_CtlContinueRx
                0x08008208       0x22 ./Middlewares/ST/STM32_USB_Device_Library/Core/Src/usbd_ioreq.o
                0x08008208                USBD_CtlContinueRx
 .text.USBD_CtlSendStatus
                0x0800822a       0x26 ./Middlewares/ST/STM32_USB_Device_Library/Core/Src/usbd_ioreq.o
                0x0800822a                USBD_CtlSendStatus
 .text.USBD_CtlReceiveStatus
                0x08008250       0x26 ./Middlewares/ST/STM32_USB_Device_Library/Core/Src/usbd_ioreq.o
                0x08008250                USBD_CtlReceiveStatus
 *fill*         0x08008276        0x2 
 .text.disk_status
                0x08008278       0x34 ./Middlewares/Third_Party/FatFs/src/diskio.o
                0x08008278                disk_status
 .text.disk_initialize
                0x080082ac       0x50 ./Middlewares/Third_Party/FatFs/src/diskio.o
                0x080082ac                disk_initialize
 .text.disk_read
                0x080082fc       0x40 ./Middlewares/Third_Party/FatFs/src/diskio.o
                0x080082fc                disk_read
 .text.disk_write
                0x0800833c       0x40 ./Middlewares/Third_Party/FatFs/src/diskio.o
                0x0800833c                disk_write
 .text.disk_ioctl
                0x0800837c       0x3c ./Middlewares/Third_Party/FatFs/src/diskio.o
                0x0800837c                disk_ioctl
 .text.ld_word  0x080083b8       0x30 ./Middlewares/Third_Party/FatFs/src/ff.o
 .text.ld_dword
                0x080083e8       0x46 ./Middlewares/Third_Party/FatFs/src/ff.o
 .text.st_word  0x0800842e       0x36 ./Middlewares/Third_Party/FatFs/src/ff.o
 .text.st_dword
                0x08008464       0x58 ./Middlewares/Third_Party/FatFs/src/ff.o
 .text.mem_cpy  0x080084bc       0x42 ./Middlewares/Third_Party/FatFs/src/ff.o
 .text.mem_set  0x080084fe       0x36 ./Middlewares/Third_Party/FatFs/src/ff.o
 .text.mem_cmp  0x08008534       0x4e ./Middlewares/Third_Party/FatFs/src/ff.o
 .text.chk_chr  0x08008582       0x36 ./Middlewares/Third_Party/FatFs/src/ff.o
 .text.chk_lock
                0x080085b8       0xb8 ./Middlewares/Third_Party/FatFs/src/ff.o
 .text.enq_lock
                0x08008670       0x44 ./Middlewares/Third_Party/FatFs/src/ff.o
 .text.inc_lock
                0x080086b4      0x11c ./Middlewares/Third_Party/FatFs/src/ff.o
 .text.dec_lock
                0x080087d0       0x78 ./Middlewares/Third_Party/FatFs/src/ff.o
 .text.clear_lock
                0x08008848       0x48 ./Middlewares/Third_Party/FatFs/src/ff.o
 .text.sync_window
                0x08008890       0x88 ./Middlewares/Third_Party/FatFs/src/ff.o
 .text.move_window
                0x08008918       0x5a ./Middlewares/Third_Party/FatFs/src/ff.o
 *fill*         0x08008972        0x2 
 .text.sync_fs  0x08008974       0xe0 ./Middlewares/Third_Party/FatFs/src/ff.o
 .text.clust2sect
                0x08008a54       0x3e ./Middlewares/Third_Party/FatFs/src/ff.o
 .text.get_fat  0x08008a92      0x1a6 ./Middlewares/Third_Party/FatFs/src/ff.o
 .text.put_fat  0x08008c38      0x234 ./Middlewares/Third_Party/FatFs/src/ff.o
 .text.remove_chain
                0x08008e6c       0xca ./Middlewares/Third_Party/FatFs/src/ff.o
 .text.create_chain
                0x08008f36      0x130 ./Middlewares/Third_Party/FatFs/src/ff.o
 .text.clmt_clust
                0x08009066       0x70 ./Middlewares/Third_Party/FatFs/src/ff.o
 .text.dir_sdi  0x080090d6      0x112 ./Middlewares/Third_Party/FatFs/src/ff.o
 .text.dir_next
                0x080091e8      0x1ac ./Middlewares/Third_Party/FatFs/src/ff.o
 .text.dir_alloc
                0x08009394       0x8e ./Middlewares/Third_Party/FatFs/src/ff.o
 .text.ld_clust
                0x08009422       0x3e ./Middlewares/Third_Party/FatFs/src/ff.o
 .text.st_clust
                0x08009460       0x40 ./Middlewares/Third_Party/FatFs/src/ff.o
 .text.cmp_lfn  0x080094a0       0xe0 ./Middlewares/Third_Party/FatFs/src/ff.o
 .text.put_lfn  0x08009580       0xd0 ./Middlewares/Third_Party/FatFs/src/ff.o
 .text.gen_numname
                0x08009650      0x11c ./Middlewares/Third_Party/FatFs/src/ff.o
 .text.sum_sfn  0x0800976c       0x42 ./Middlewares/Third_Party/FatFs/src/ff.o
 .text.dir_find
                0x080097ae      0x180 ./Middlewares/Third_Party/FatFs/src/ff.o
 *fill*         0x0800992e        0x2 
 .text.dir_register
                0x08009930      0x1f0 ./Middlewares/Third_Party/FatFs/src/ff.o
 .text.create_name
                0x08009b20      0x370 ./Middlewares/Third_Party/FatFs/src/ff.o
 .text.follow_path
                0x08009e90       0xec ./Middlewares/Third_Party/FatFs/src/ff.o
 .text.get_ldnumber
                0x08009f7c       0x88 ./Middlewares/Third_Party/FatFs/src/ff.o
 .text.check_fs
                0x0800a004       0xac ./Middlewares/Third_Party/FatFs/src/ff.o
 .text.find_volume
                0x0800a0b0      0x50c ./Middlewares/Third_Party/FatFs/src/ff.o
 .text.validate
                0x0800a5bc       0x6a ./Middlewares/Third_Party/FatFs/src/ff.o
 *fill*         0x0800a626        0x2 
 .text.f_mount  0x0800a628       0x8c ./Middlewares/Third_Party/FatFs/src/ff.o
                0x0800a628                f_mount
 .text.f_open   0x0800a6b4      0x390 ./Middlewares/Third_Party/FatFs/src/ff.o
                0x0800a6b4                f_open
 .text.f_read   0x0800aa44      0x2be ./Middlewares/Third_Party/FatFs/src/ff.o
                0x0800aa44                f_read
 .text.f_write  0x0800ad02      0x328 ./Middlewares/Third_Party/FatFs/src/ff.o
                0x0800ad02                f_write
 .text.f_sync   0x0800b02a       0xfc ./Middlewares/Third_Party/FatFs/src/ff.o
                0x0800b02a                f_sync
 .text.f_close  0x0800b126       0x54 ./Middlewares/Third_Party/FatFs/src/ff.o
                0x0800b126                f_close
 .text.f_lseek  0x0800b17a      0x448 ./Middlewares/Third_Party/FatFs/src/ff.o
                0x0800b17a                f_lseek
 .text.f_getfree
                0x0800b5c2      0x16a ./Middlewares/Third_Party/FatFs/src/ff.o
                0x0800b5c2                f_getfree
 .text.f_gets   0x0800b72c       0x7c ./Middlewares/Third_Party/FatFs/src/ff.o
                0x0800b72c                f_gets
 .text.putc_bfd
                0x0800b7a8       0x7a ./Middlewares/Third_Party/FatFs/src/ff.o
 .text.putc_flush
                0x0800b822       0x4a ./Middlewares/Third_Party/FatFs/src/ff.o
 .text.putc_init
                0x0800b86c       0x2a ./Middlewares/Third_Party/FatFs/src/ff.o
 .text.f_puts   0x0800b896       0x48 ./Middlewares/Third_Party/FatFs/src/ff.o
                0x0800b896                f_puts
 *fill*         0x0800b8de        0x2 
 .text.FATFS_LinkDriverEx
                0x0800b8e0       0x98 ./Middlewares/Third_Party/FatFs/src/ff_gen_drv.o
                0x0800b8e0                FATFS_LinkDriverEx
 .text.FATFS_LinkDriver
                0x0800b978       0x1e ./Middlewares/Third_Party/FatFs/src/ff_gen_drv.o
                0x0800b978                FATFS_LinkDriver
 *fill*         0x0800b996        0x2 
 .text.ff_convert
                0x0800b998       0x78 ./Middlewares/Third_Party/FatFs/src/option/ccsbcs.o
                0x0800b998                ff_convert
 .text.ff_wtoupper
                0x0800ba10      0x114 ./Middlewares/Third_Party/FatFs/src/option/ccsbcs.o
                0x0800ba10                ff_wtoupper
 .text.MX_USB_DEVICE_Init
                0x0800bb24       0x60 ./USB_DEVICE/App/usb_device.o
                0x0800bb24                MX_USB_DEVICE_Init
 .text.CDC_Init_FS
                0x0800bb84       0x28 ./USB_DEVICE/App/usbd_cdc_if.o
 .text.CDC_DeInit_FS
                0x0800bbac       0x10 ./USB_DEVICE/App/usbd_cdc_if.o
 .text.CDC_Control_FS
                0x0800bbbc       0xbc ./USB_DEVICE/App/usbd_cdc_if.o
 .text.CDC_Receive_FS
                0x0800bc78       0x28 ./USB_DEVICE/App/usbd_cdc_if.o
 .text.CDC_Transmit_FS
                0x0800bca0       0x4c ./USB_DEVICE/App/usbd_cdc_if.o
                0x0800bca0                CDC_Transmit_FS
 .text.CDC_TransmitCplt_FS
                0x0800bcec       0x22 ./USB_DEVICE/App/usbd_cdc_if.o
 *fill*         0x0800bd0e        0x2 
 .text.USBD_FS_DeviceDescriptor
                0x0800bd10       0x24 ./USB_DEVICE/App/usbd_desc.o
                0x0800bd10                USBD_FS_DeviceDescriptor
 .text.USBD_FS_LangIDStrDescriptor
                0x0800bd34       0x24 ./USB_DEVICE/App/usbd_desc.o
                0x0800bd34                USBD_FS_LangIDStrDescriptor
 .text.USBD_FS_ProductStrDescriptor
                0x0800bd58       0x3c ./USB_DEVICE/App/usbd_desc.o
                0x0800bd58                USBD_FS_ProductStrDescriptor
 .text.USBD_FS_ManufacturerStrDescriptor
                0x0800bd94       0x28 ./USB_DEVICE/App/usbd_desc.o
                0x0800bd94                USBD_FS_ManufacturerStrDescriptor
 .text.USBD_FS_SerialStrDescriptor
                0x0800bdbc       0x24 ./USB_DEVICE/App/usbd_desc.o
                0x0800bdbc                USBD_FS_SerialStrDescriptor
 .text.USBD_FS_ConfigStrDescriptor
                0x0800bde0       0x3c ./USB_DEVICE/App/usbd_desc.o
                0x0800bde0                USBD_FS_ConfigStrDescriptor
 .text.USBD_FS_InterfaceStrDescriptor
                0x0800be1c       0x3c ./USB_DEVICE/App/usbd_desc.o
                0x0800be1c                USBD_FS_InterfaceStrDescriptor
 .text.Get_SerialNum
                0x0800be58       0x58 ./USB_DEVICE/App/usbd_desc.o
 .text.IntToUnicode
                0x0800beb0       0x7e ./USB_DEVICE/App/usbd_desc.o
 *fill*         0x0800bf2e        0x2 
 .text.HAL_PCD_MspInit
                0x0800bf30       0xa8 ./USB_DEVICE/Target/usbd_conf.o
                0x0800bf30                HAL_PCD_MspInit
 .text.HAL_PCD_SetupStageCallback
                0x0800bfd8       0x24 ./USB_DEVICE/Target/usbd_conf.o
                0x0800bfd8                HAL_PCD_SetupStageCallback
 .text.HAL_PCD_DataOutStageCallback
                0x0800bffc       0x36 ./USB_DEVICE/Target/usbd_conf.o
                0x0800bffc                HAL_PCD_DataOutStageCallback
 .text.HAL_PCD_DataInStageCallback
                0x0800c032       0x34 ./USB_DEVICE/Target/usbd_conf.o
                0x0800c032                HAL_PCD_DataInStageCallback
 .text.HAL_PCD_SOFCallback
                0x0800c066       0x1c ./USB_DEVICE/Target/usbd_conf.o
                0x0800c066                HAL_PCD_SOFCallback
 .text.HAL_PCD_ResetCallback
                0x0800c082       0x50 ./USB_DEVICE/Target/usbd_conf.o
                0x0800c082                HAL_PCD_ResetCallback
 *fill*         0x0800c0d2        0x2 
 .text.HAL_PCD_SuspendCallback
                0x0800c0d4       0x4c ./USB_DEVICE/Target/usbd_conf.o
                0x0800c0d4                HAL_PCD_SuspendCallback
 .text.HAL_PCD_ResumeCallback
                0x0800c120       0x1c ./USB_DEVICE/Target/usbd_conf.o
                0x0800c120                HAL_PCD_ResumeCallback
 .text.HAL_PCD_ISOOUTIncompleteCallback
                0x0800c13c       0x24 ./USB_DEVICE/Target/usbd_conf.o
                0x0800c13c                HAL_PCD_ISOOUTIncompleteCallback
 .text.HAL_PCD_ISOINIncompleteCallback
                0x0800c160       0x24 ./USB_DEVICE/Target/usbd_conf.o
                0x0800c160                HAL_PCD_ISOINIncompleteCallback
 .text.HAL_PCD_ConnectCallback
                0x0800c184       0x1c ./USB_DEVICE/Target/usbd_conf.o
                0x0800c184                HAL_PCD_ConnectCallback
 .text.HAL_PCD_DisconnectCallback
                0x0800c1a0       0x1c ./USB_DEVICE/Target/usbd_conf.o
                0x0800c1a0                HAL_PCD_DisconnectCallback
 .text.USBD_LL_Init
                0x0800c1bc       0x98 ./USB_DEVICE/Target/usbd_conf.o
                0x0800c1bc                USBD_LL_Init
 .text.USBD_LL_Start
                0x0800c254       0x36 ./USB_DEVICE/Target/usbd_conf.o
                0x0800c254                USBD_LL_Start
 .text.USBD_LL_OpenEP
                0x0800c28a       0x4c ./USB_DEVICE/Target/usbd_conf.o
                0x0800c28a                USBD_LL_OpenEP
 .text.USBD_LL_CloseEP
                0x0800c2d6       0x3e ./USB_DEVICE/Target/usbd_conf.o
                0x0800c2d6                USBD_LL_CloseEP
 .text.USBD_LL_StallEP
                0x0800c314       0x3e ./USB_DEVICE/Target/usbd_conf.o
                0x0800c314                USBD_LL_StallEP
 .text.USBD_LL_ClearStallEP
                0x0800c352       0x3e ./USB_DEVICE/Target/usbd_conf.o
                0x0800c352                USBD_LL_ClearStallEP
 .text.USBD_LL_IsStallEP
                0x0800c390       0x58 ./USB_DEVICE/Target/usbd_conf.o
                0x0800c390                USBD_LL_IsStallEP
 .text.USBD_LL_SetUSBAddress
                0x0800c3e8       0x3e ./USB_DEVICE/Target/usbd_conf.o
                0x0800c3e8                USBD_LL_SetUSBAddress
 .text.USBD_LL_Transmit
                0x0800c426       0x42 ./USB_DEVICE/Target/usbd_conf.o
                0x0800c426                USBD_LL_Transmit
 .text.USBD_LL_PrepareReceive
                0x0800c468       0x42 ./USB_DEVICE/Target/usbd_conf.o
                0x0800c468                USBD_LL_PrepareReceive
 .text.USBD_LL_GetRxDataSize
                0x0800c4aa       0x26 ./USB_DEVICE/Target/usbd_conf.o
                0x0800c4aa                USBD_LL_GetRxDataSize
 .text.USBD_static_malloc
                0x0800c4d0       0x1c ./USB_DEVICE/Target/usbd_conf.o
                0x0800c4d0                USBD_static_malloc
 .text.USBD_static_free
                0x0800c4ec       0x14 ./USB_DEVICE/Target/usbd_conf.o
                0x0800c4ec                USBD_static_free
 .text.USBD_Get_USB_Status
                0x0800c500       0x58 ./USB_DEVICE/Target/usbd_conf.o
                0x0800c500                USBD_Get_USB_Status
 .text.sprintf  0x0800c558       0x40 C:/ST/STM32CubeIDE_1.17.0/STM32CubeIDE/plugins/com.st.stm32cube.ide.mcu.externaltools.gnu-tools-for-stm32.12.3.rel1.win32_1.1.0.202410251130/tools/bin/../lib/gcc/arm-none-eabi/12.3.1/../../../../arm-none-eabi/lib/thumb/v7e-m+fp/hard\libc_nano.a(libc_a-sprintf.o)
                0x0800c558                siprintf
                0x0800c558                sprintf
 .text.memset   0x0800c598       0x10 C:/ST/STM32CubeIDE_1.17.0/STM32CubeIDE/plugins/com.st.stm32cube.ide.mcu.externaltools.gnu-tools-for-stm32.12.3.rel1.win32_1.1.0.202410251130/tools/bin/../lib/gcc/arm-none-eabi/12.3.1/../../../../arm-none-eabi/lib/thumb/v7e-m+fp/hard\libc_nano.a(libc_a-memset.o)
                0x0800c598                memset
 .text.__errno  0x0800c5a8        0xc C:/ST/STM32CubeIDE_1.17.0/STM32CubeIDE/plugins/com.st.stm32cube.ide.mcu.externaltools.gnu-tools-for-stm32.12.3.rel1.win32_1.1.0.202410251130/tools/bin/../lib/gcc/arm-none-eabi/12.3.1/../../../../arm-none-eabi/lib/thumb/v7e-m+fp/hard\libc_nano.a(libc_a-errno.o)
                0x0800c5a8                __errno
 .text.__libc_init_array
                0x0800c5b4       0x48 C:/ST/STM32CubeIDE_1.17.0/STM32CubeIDE/plugins/com.st.stm32cube.ide.mcu.externaltools.gnu-tools-for-stm32.12.3.rel1.win32_1.1.0.202410251130/tools/bin/../lib/gcc/arm-none-eabi/12.3.1/../../../../arm-none-eabi/lib/thumb/v7e-m+fp/hard\libc_nano.a(libc_a-init.o)
                0x0800c5b4                __libc_init_array
 .text.__retarget_lock_acquire_recursive
                0x0800c5fc        0x2 C:/ST/STM32CubeIDE_1.17.0/STM32CubeIDE/plugins/com.st.stm32cube.ide.mcu.externaltools.gnu-tools-for-stm32.12.3.rel1.win32_1.1.0.202410251130/tools/bin/../lib/gcc/arm-none-eabi/12.3.1/../../../../arm-none-eabi/lib/thumb/v7e-m+fp/hard\libc_nano.a(libc_a-lock.o)
                0x0800c5fc                __retarget_lock_acquire_recursive
 .text.__retarget_lock_release_recursive
                0x0800c5fe        0x2 C:/ST/STM32CubeIDE_1.17.0/STM32CubeIDE/plugins/com.st.stm32cube.ide.mcu.externaltools.gnu-tools-for-stm32.12.3.rel1.win32_1.1.0.202410251130/tools/bin/../lib/gcc/arm-none-eabi/12.3.1/../../../../arm-none-eabi/lib/thumb/v7e-m+fp/hard\libc_nano.a(libc_a-lock.o)
                0x0800c5fe                __retarget_lock_release_recursive
 .text._free_r  0x0800c600       0x94 C:/ST/STM32CubeIDE_1.17.0/STM32CubeIDE/plugins/com.st.stm32cube.ide.mcu.externaltools.gnu-tools-for-stm32.12.3.rel1.win32_1.1.0.202410251130/tools/bin/../lib/gcc/arm-none-eabi/12.3.1/../../../../arm-none-eabi/lib/thumb/v7e-m+fp/hard\libc_nano.a(libc_a-freer.o)
                0x0800c600                _free_r
 .text.sbrk_aligned
                0x0800c694       0x44 C:/ST/STM32CubeIDE_1.17.0/STM32CubeIDE/plugins/com.st.stm32cube.ide.mcu.externaltools.gnu-tools-for-stm32.12.3.rel1.win32_1.1.0.202410251130/tools/bin/../lib/gcc/arm-none-eabi/12.3.1/../../../../arm-none-eabi/lib/thumb/v7e-m+fp/hard\libc_nano.a(libc_a-mallocr.o)
 .text._malloc_r
                0x0800c6d8      0x100 C:/ST/STM32CubeIDE_1.17.0/STM32CubeIDE/plugins/com.st.stm32cube.ide.mcu.externaltools.gnu-tools-for-stm32.12.3.rel1.win32_1.1.0.202410251130/tools/bin/../lib/gcc/arm-none-eabi/12.3.1/../../../../arm-none-eabi/lib/thumb/v7e-m+fp/hard\libc_nano.a(libc_a-mallocr.o)
                0x0800c6d8                _malloc_r
 .text.__malloc_lock
                0x0800c7d8        0xc C:/ST/STM32CubeIDE_1.17.0/STM32CubeIDE/plugins/com.st.stm32cube.ide.mcu.externaltools.gnu-tools-for-stm32.12.3.rel1.win32_1.1.0.202410251130/tools/bin/../lib/gcc/arm-none-eabi/12.3.1/../../../../arm-none-eabi/lib/thumb/v7e-m+fp/hard\libc_nano.a(libc_a-mlock.o)
                0x0800c7d8                __malloc_lock
 .text.__malloc_unlock
                0x0800c7e4        0xc C:/ST/STM32CubeIDE_1.17.0/STM32CubeIDE/plugins/com.st.stm32cube.ide.mcu.externaltools.gnu-tools-for-stm32.12.3.rel1.win32_1.1.0.202410251130/tools/bin/../lib/gcc/arm-none-eabi/12.3.1/../../../../arm-none-eabi/lib/thumb/v7e-m+fp/hard\libc_nano.a(libc_a-mlock.o)
                0x0800c7e4                __malloc_unlock
 .text.__ssputs_r
                0x0800c7f0       0xb6 C:/ST/STM32CubeIDE_1.17.0/STM32CubeIDE/plugins/com.st.stm32cube.ide.mcu.externaltools.gnu-tools-for-stm32.12.3.rel1.win32_1.1.0.202410251130/tools/bin/../lib/gcc/arm-none-eabi/12.3.1/../../../../arm-none-eabi/lib/thumb/v7e-m+fp/hard\libc_nano.a(libc_a-nano-svfprintf.o)
                0x0800c7f0                __ssputs_r
 *fill*         0x0800c8a6        0x2 
 .text._svfprintf_r
                0x0800c8a8      0x1f8 C:/ST/STM32CubeIDE_1.17.0/STM32CubeIDE/plugins/com.st.stm32cube.ide.mcu.externaltools.gnu-tools-for-stm32.12.3.rel1.win32_1.1.0.202410251130/tools/bin/../lib/gcc/arm-none-eabi/12.3.1/../../../../arm-none-eabi/lib/thumb/v7e-m+fp/hard\libc_nano.a(libc_a-nano-svfprintf.o)
                0x0800c8a8                _svfiprintf_r
                0x0800c8a8                _svfprintf_r
 .text._printf_common
                0x0800caa0       0xda C:/ST/STM32CubeIDE_1.17.0/STM32CubeIDE/plugins/com.st.stm32cube.ide.mcu.externaltools.gnu-tools-for-stm32.12.3.rel1.win32_1.1.0.202410251130/tools/bin/../lib/gcc/arm-none-eabi/12.3.1/../../../../arm-none-eabi/lib/thumb/v7e-m+fp/hard\libc_nano.a(libc_a-nano-vfprintf_i.o)
                0x0800caa0                _printf_common
 *fill*         0x0800cb7a        0x2 
 .text._printf_i
                0x0800cb7c      0x240 C:/ST/STM32CubeIDE_1.17.0/STM32CubeIDE/plugins/com.st.stm32cube.ide.mcu.externaltools.gnu-tools-for-stm32.12.3.rel1.win32_1.1.0.202410251130/tools/bin/../lib/gcc/arm-none-eabi/12.3.1/../../../../arm-none-eabi/lib/thumb/v7e-m+fp/hard\libc_nano.a(libc_a-nano-vfprintf_i.o)
                0x0800cb7c                _printf_i
 .text.memmove  0x0800cdbc       0x34 C:/ST/STM32CubeIDE_1.17.0/STM32CubeIDE/plugins/com.st.stm32cube.ide.mcu.externaltools.gnu-tools-for-stm32.12.3.rel1.win32_1.1.0.202410251130/tools/bin/../lib/gcc/arm-none-eabi/12.3.1/../../../../arm-none-eabi/lib/thumb/v7e-m+fp/hard\libc_nano.a(libc_a-memmove.o)
                0x0800cdbc                memmove
 .text._sbrk_r  0x0800cdf0       0x20 C:/ST/STM32CubeIDE_1.17.0/STM32CubeIDE/plugins/com.st.stm32cube.ide.mcu.externaltools.gnu-tools-for-stm32.12.3.rel1.win32_1.1.0.202410251130/tools/bin/../lib/gcc/arm-none-eabi/12.3.1/../../../../arm-none-eabi/lib/thumb/v7e-m+fp/hard\libc_nano.a(libc_a-sbrkr.o)
                0x0800cdf0                _sbrk_r
 .text.memcpy   0x0800ce10       0x1c C:/ST/STM32CubeIDE_1.17.0/STM32CubeIDE/plugins/com.st.stm32cube.ide.mcu.externaltools.gnu-tools-for-stm32.12.3.rel1.win32_1.1.0.202410251130/tools/bin/../lib/gcc/arm-none-eabi/12.3.1/../../../../arm-none-eabi/lib/thumb/v7e-m+fp/hard\libc_nano.a(libc_a-memcpy-stub.o)
                0x0800ce10                memcpy
 .text._realloc_r
                0x0800ce2c       0x5c C:/ST/STM32CubeIDE_1.17.0/STM32CubeIDE/plugins/com.st.stm32cube.ide.mcu.externaltools.gnu-tools-for-stm32.12.3.rel1.win32_1.1.0.202410251130/tools/bin/../lib/gcc/arm-none-eabi/12.3.1/../../../../arm-none-eabi/lib/thumb/v7e-m+fp/hard\libc_nano.a(libc_a-reallocr.o)
                0x0800ce2c                _realloc_r
 .text._malloc_usable_size_r
                0x0800ce88       0x10 C:/ST/STM32CubeIDE_1.17.0/STM32CubeIDE/plugins/com.st.stm32cube.ide.mcu.externaltools.gnu-tools-for-stm32.12.3.rel1.win32_1.1.0.202410251130/tools/bin/../lib/gcc/arm-none-eabi/12.3.1/../../../../arm-none-eabi/lib/thumb/v7e-m+fp/hard\libc_nano.a(libc_a-msizer.o)
                0x0800ce88                _malloc_usable_size_r
 *(.glue_7)
 .glue_7        0x0800ce98        0x0 linker stubs
 *(.glue_7t)
 .glue_7t       0x0800ce98        0x0 linker stubs
 *(.eh_frame)
 .eh_frame      0x0800ce98        0x0 C:/ST/STM32CubeIDE_1.17.0/STM32CubeIDE/plugins/com.st.stm32cube.ide.mcu.externaltools.gnu-tools-for-stm32.12.3.rel1.win32_1.1.0.202410251130/tools/bin/../lib/gcc/arm-none-eabi/12.3.1/thumb/v7e-m+fp/hard/crtbegin.o
 *(.init)
 .init          0x0800ce98        0x4 C:/ST/STM32CubeIDE_1.17.0/STM32CubeIDE/plugins/com.st.stm32cube.ide.mcu.externaltools.gnu-tools-for-stm32.12.3.rel1.win32_1.1.0.202410251130/tools/bin/../lib/gcc/arm-none-eabi/12.3.1/thumb/v7e-m+fp/hard/crti.o
                0x0800ce98                _init
 .init          0x0800ce9c        0x8 C:/ST/STM32CubeIDE_1.17.0/STM32CubeIDE/plugins/com.st.stm32cube.ide.mcu.externaltools.gnu-tools-for-stm32.12.3.rel1.win32_1.1.0.202410251130/tools/bin/../lib/gcc/arm-none-eabi/12.3.1/thumb/v7e-m+fp/hard/crtn.o
 *(.fini)
 .fini          0x0800cea4        0x4 C:/ST/STM32CubeIDE_1.17.0/STM32CubeIDE/plugins/com.st.stm32cube.ide.mcu.externaltools.gnu-tools-for-stm32.12.3.rel1.win32_1.1.0.202410251130/tools/bin/../lib/gcc/arm-none-eabi/12.3.1/thumb/v7e-m+fp/hard/crti.o
                0x0800cea4                _fini
 .fini          0x0800cea8        0x8 C:/ST/STM32CubeIDE_1.17.0/STM32CubeIDE/plugins/com.st.stm32cube.ide.mcu.externaltools.gnu-tools-for-stm32.12.3.rel1.win32_1.1.0.202410251130/tools/bin/../lib/gcc/arm-none-eabi/12.3.1/thumb/v7e-m+fp/hard/crtn.o
                0x0800ceb0                        . = ALIGN (0x4)
                0x0800ceb0                        _etext = .

.vfp11_veneer   0x0800ceb0        0x0
 .vfp11_veneer  0x0800ceb0        0x0 linker stubs

.v4_bx          0x0800ceb0        0x0
 .v4_bx         0x0800ceb0        0x0 linker stubs

.iplt           0x0800ceb0        0x0
 .iplt          0x0800ceb0        0x0 C:/ST/STM32CubeIDE_1.17.0/STM32CubeIDE/plugins/com.st.stm32cube.ide.mcu.externaltools.gnu-tools-for-stm32.12.3.rel1.win32_1.1.0.202410251130/tools/bin/../lib/gcc/arm-none-eabi/12.3.1/thumb/v7e-m+fp/hard/crtbegin.o

.rodata         0x0800ceb0      0x8b4
                0x0800ceb0                        . = ALIGN (0x4)
 *(.rodata)
 .rodata        0x0800ceb0      0x3a0 ./Core/Src/main.o
 .rodata        0x0800d250       0x48 ./Middlewares/Third_Party/FatFs/src/ff.o
 .rodata        0x0800d298       0x46 ./USB_DEVICE/App/usbd_desc.o
 *(.rodata*)
 *fill*         0x0800d2de        0x2 
 .rodata.AHBPrescTable
                0x0800d2e0       0x10 ./Core/Src/system_stm32f4xx.o
                0x0800d2e0                AHBPrescTable
 .rodata.ExCvt  0x0800d2f0       0x80 ./Middlewares/Third_Party/FatFs/src/ff.o
 .rodata.LfnOfs
                0x0800d370        0xd ./Middlewares/Third_Party/FatFs/src/ff.o
 *fill*         0x0800d37d        0x3 
 .rodata.Tbl    0x0800d380      0x100 ./Middlewares/Third_Party/FatFs/src/option/ccsbcs.o
 .rodata.cvt1.1
                0x0800d480      0x1f2 ./Middlewares/Third_Party/FatFs/src/option/ccsbcs.o
 *fill*         0x0800d672        0x2 
 .rodata.cvt2.0
                0x0800d674       0xbc ./Middlewares/Third_Party/FatFs/src/option/ccsbcs.o
 .rodata._svfprintf_r.str1.1
                0x0800d730       0x11 C:/ST/STM32CubeIDE_1.17.0/STM32CubeIDE/plugins/com.st.stm32cube.ide.mcu.externaltools.gnu-tools-for-stm32.12.3.rel1.win32_1.1.0.202410251130/tools/bin/../lib/gcc/arm-none-eabi/12.3.1/../../../../arm-none-eabi/lib/thumb/v7e-m+fp/hard\libc_nano.a(libc_a-nano-svfprintf.o)
 .rodata._printf_i.str1.1
                0x0800d741       0x22 C:/ST/STM32CubeIDE_1.17.0/STM32CubeIDE/plugins/com.st.stm32cube.ide.mcu.externaltools.gnu-tools-for-stm32.12.3.rel1.win32_1.1.0.202410251130/tools/bin/../lib/gcc/arm-none-eabi/12.3.1/../../../../arm-none-eabi/lib/thumb/v7e-m+fp/hard\libc_nano.a(libc_a-nano-vfprintf_i.o)
                0x0800d764                        . = ALIGN (0x4)
 *fill*         0x0800d763        0x1 

.ARM.extab      0x0800d764        0x0
                0x0800d764                        . = ALIGN (0x4)
 *(.ARM.extab* .gnu.linkonce.armextab.*)
                0x0800d764                        . = ALIGN (0x4)

.ARM            0x0800d764        0x8
                0x0800d764                        . = ALIGN (0x4)
                0x0800d764                        __exidx_start = .
 *(.ARM.exidx*)
 .ARM.exidx     0x0800d764        0x8 C:/ST/STM32CubeIDE_1.17.0/STM32CubeIDE/plugins/com.st.stm32cube.ide.mcu.externaltools.gnu-tools-for-stm32.12.3.rel1.win32_1.1.0.202410251130/tools/bin/../lib/gcc/arm-none-eabi/12.3.1/../../../../arm-none-eabi/lib/thumb/v7e-m+fp/hard\libc_nano.a(libc_a-strlen.o)
 .ARM.exidx     0x0800d76c        0x0 C:/ST/STM32CubeIDE_1.17.0/STM32CubeIDE/plugins/com.st.stm32cube.ide.mcu.externaltools.gnu-tools-for-stm32.12.3.rel1.win32_1.1.0.202410251130/tools/bin/../lib/gcc/arm-none-eabi/12.3.1/../../../../arm-none-eabi/lib/thumb/v7e-m+fp/hard\libc_nano.a(libc_a-memchr.o)
                                  0x8 (size before relaxing)
 .ARM.exidx     0x0800d76c        0x0 C:/ST/STM32CubeIDE_1.17.0/STM32CubeIDE/plugins/com.st.stm32cube.ide.mcu.externaltools.gnu-tools-for-stm32.12.3.rel1.win32_1.1.0.202410251130/tools/bin/../lib/gcc/arm-none-eabi/12.3.1/thumb/v7e-m+fp/hard\libgcc.a(_udivmoddi4.o)
                                  0x8 (size before relaxing)
                0x0800d76c                        __exidx_end = .
                0x0800d76c                        . = ALIGN (0x4)

.preinit_array  0x0800d76c        0x0
                0x0800d76c                        . = ALIGN (0x4)
                0x0800d76c                        PROVIDE (__preinit_array_start = .)
 *(.preinit_array*)
                0x0800d76c                        PROVIDE (__preinit_array_end = .)
                0x0800d76c                        . = ALIGN (0x4)

.init_array     0x0800d76c        0x4
                0x0800d76c                        . = ALIGN (0x4)
                0x0800d76c                        PROVIDE (__init_array_start = .)
 *(SORT_BY_NAME(.init_array.*))
 *(.init_array*)
 .init_array    0x0800d76c        0x4 C:/ST/STM32CubeIDE_1.17.0/STM32CubeIDE/plugins/com.st.stm32cube.ide.mcu.externaltools.gnu-tools-for-stm32.12.3.rel1.win32_1.1.0.202410251130/tools/bin/../lib/gcc/arm-none-eabi/12.3.1/thumb/v7e-m+fp/hard/crtbegin.o
                0x0800d770                        PROVIDE (__init_array_end = .)
                0x0800d770                        . = ALIGN (0x4)

.fini_array     0x0800d770        0x4
                0x0800d770                        . = ALIGN (0x4)
                [!provide]                        PROVIDE (__fini_array_start = .)
 *(SORT_BY_NAME(.fini_array.*))
 *(.fini_array*)
 .fini_array    0x0800d770        0x4 C:/ST/STM32CubeIDE_1.17.0/STM32CubeIDE/plugins/com.st.stm32cube.ide.mcu.externaltools.gnu-tools-for-stm32.12.3.rel1.win32_1.1.0.202410251130/tools/bin/../lib/gcc/arm-none-eabi/12.3.1/thumb/v7e-m+fp/hard/crtbegin.o
                [!provide]                        PROVIDE (__fini_array_end = .)
                0x0800d774                        . = ALIGN (0x4)
                0x0800d774                        _sidata = LOADADDR (.data)

.rel.dyn        0x0800d774        0x0
 .rel.iplt      0x0800d774        0x0 C:/ST/STM32CubeIDE_1.17.0/STM32CubeIDE/plugins/com.st.stm32cube.ide.mcu.externaltools.gnu-tools-for-stm32.12.3.rel1.win32_1.1.0.202410251130/tools/bin/../lib/gcc/arm-none-eabi/12.3.1/thumb/v7e-m+fp/hard/crtbegin.o

.data           0x20000000      0x164 load address 0x0800d774
                0x20000000                        . = ALIGN (0x4)
                0x20000000                        _sdata = .
 *(.data)
 *(.data*)
 .data.SystemCoreClock
                0x20000000        0x4 ./Core/Src/system_stm32f4xx.o
                0x20000000                SystemCoreClock
 .data.uwTickPrio
                0x20000004        0x4 ./Drivers/STM32F4xx_HAL_Driver/Src/stm32f4xx_hal.o
                0x20000004                uwTickPrio
 .data.uwTickFreq
                0x20000008        0x1 ./Drivers/STM32F4xx_HAL_Driver/Src/stm32f4xx_hal.o
                0x20000008                uwTickFreq
 *fill*         0x20000009        0x3 
 .data.USER_Driver
                0x2000000c       0x14 ./FATFS/Target/user_diskio.o
                0x2000000c                USER_Driver
 .data.Stat     0x20000020        0x1 ./Middlewares/FATFS_SD/FATFS_SD.o
 *fill*         0x20000021        0x3 
 .data.USBD_CDC_DeviceQualifierDesc
                0x20000024        0xa ./Middlewares/ST/STM32_USB_Device_Library/Class/CDC/Src/usbd_cdc.o
 *fill*         0x2000002e        0x2 
 .data.USBD_CDC
                0x20000030       0x38 ./Middlewares/ST/STM32_USB_Device_Library/Class/CDC/Src/usbd_cdc.o
                0x20000030                USBD_CDC
 .data.USBD_CDC_CfgDesc
                0x20000068       0x43 ./Middlewares/ST/STM32_USB_Device_Library/Class/CDC/Src/usbd_cdc.o
 .data.CDCInEpAdd
                0x200000ab        0x1 ./Middlewares/ST/STM32_USB_Device_Library/Class/CDC/Src/usbd_cdc.o
 .data.CDCOutEpAdd
                0x200000ac        0x1 ./Middlewares/ST/STM32_USB_Device_Library/Class/CDC/Src/usbd_cdc.o
 .data.CDCCmdEpAdd
                0x200000ad        0x1 ./Middlewares/ST/STM32_USB_Device_Library/Class/CDC/Src/usbd_cdc.o
 *fill*         0x200000ae        0x2 
 .data.USBD_Interface_fops_FS
                0x200000b0       0x14 ./USB_DEVICE/App/usbd_cdc_if.o
                0x200000b0                USBD_Interface_fops_FS
 .data.FS_Desc  0x200000c4       0x1c ./USB_DEVICE/App/usbd_desc.o
                0x200000c4                FS_Desc
 .data.USBD_FS_DeviceDesc
                0x200000e0       0x12 ./USB_DEVICE/App/usbd_desc.o
                0x200000e0                USBD_FS_DeviceDesc
 *fill*         0x200000f2        0x2 
 .data.USBD_LangIDDesc
                0x200000f4        0x4 ./USB_DEVICE/App/usbd_desc.o
                0x200000f4                USBD_LangIDDesc
 .data.USBD_StringSerial
                0x200000f8       0x1a ./USB_DEVICE/App/usbd_desc.o
                0x200000f8                USBD_StringSerial
 *fill*         0x20000112        0x2 
 .data._impure_ptr
                0x20000114        0x4 C:/ST/STM32CubeIDE_1.17.0/STM32CubeIDE/plugins/com.st.stm32cube.ide.mcu.externaltools.gnu-tools-for-stm32.12.3.rel1.win32_1.1.0.202410251130/tools/bin/../lib/gcc/arm-none-eabi/12.3.1/../../../../arm-none-eabi/lib/thumb/v7e-m+fp/hard\libc_nano.a(libc_a-impure.o)
                0x20000114                _impure_ptr
 .data._impure_data
                0x20000118       0x4c C:/ST/STM32CubeIDE_1.17.0/STM32CubeIDE/plugins/com.st.stm32cube.ide.mcu.externaltools.gnu-tools-for-stm32.12.3.rel1.win32_1.1.0.202410251130/tools/bin/../lib/gcc/arm-none-eabi/12.3.1/../../../../arm-none-eabi/lib/thumb/v7e-m+fp/hard\libc_nano.a(libc_a-impure.o)
                0x20000118                _impure_data
 *(.RamFunc)
 *(.RamFunc*)
                0x20000164                        . = ALIGN (0x4)
                0x20000164                        _edata = .
                0x0800d8d8                        _siccmram = LOADADDR (.ccmram)

.igot.plt       0x20000164        0x0 load address 0x0800d8d8
 .igot.plt      0x20000164        0x0 C:/ST/STM32CubeIDE_1.17.0/STM32CubeIDE/plugins/com.st.stm32cube.ide.mcu.externaltools.gnu-tools-for-stm32.12.3.rel1.win32_1.1.0.202410251130/tools/bin/../lib/gcc/arm-none-eabi/12.3.1/thumb/v7e-m+fp/hard/crtbegin.o

.ccmram         0x10000000        0x0 load address 0x0800d8d8
                0x10000000                        . = ALIGN (0x4)
                0x10000000                        _sccmram = .
 *(.ccmram)
 *(.ccmram*)
                0x10000000                        . = ALIGN (0x4)
                0x10000000                        _eccmram = .
                0x10000000                        . = ALIGN (0x4)

.bss            0x20000164     0x20e4
                0x20000164                        _sbss = .
                0x20000164                        __bss_start__ = _sbss
 *(.bss)
 .bss           0x20000164       0x1c C:/ST/STM32CubeIDE_1.17.0/STM32CubeIDE/plugins/com.st.stm32cube.ide.mcu.externaltools.gnu-tools-for-stm32.12.3.rel1.win32_1.1.0.202410251130/tools/bin/../lib/gcc/arm-none-eabi/12.3.1/thumb/v7e-m+fp/hard/crtbegin.o
 *(.bss*)
 .bss.hspi1     0x20000180       0x58 ./Core/Src/main.o
                0x20000180                hspi1
 .bss.TxBuffer  0x200001d8       0xfa ./Core/Src/main.o
                0x200001d8                TxBuffer
 *fill*         0x200002d2        0x2 
 .bss.__sbrk_heap_end
                0x200002d4        0x4 ./Core/Src/sysmem.o
 .bss.uwTick    0x200002d8        0x4 ./Drivers/STM32F4xx_HAL_Driver/Src/stm32f4xx_hal.o
                0x200002d8                uwTick
 .bss.retUSER   0x200002dc        0x1 ./FATFS/App/fatfs.o
                0x200002dc                retUSER
 *fill*         0x200002dd        0x3 
 .bss.USERPath  0x200002e0        0x4 ./FATFS/App/fatfs.o
                0x200002e0                USERPath
 .bss.Timer1    0x200002e4        0x2 ./Middlewares/FATFS_SD/FATFS_SD.o
                0x200002e4                Timer1
 .bss.Timer2    0x200002e6        0x2 ./Middlewares/FATFS_SD/FATFS_SD.o
                0x200002e6                Timer2
 .bss.CardType  0x200002e8        0x1 ./Middlewares/FATFS_SD/FATFS_SD.o
 .bss.PowerFlag
                0x200002e9        0x1 ./Middlewares/FATFS_SD/FATFS_SD.o
 .bss.cfgidx.0  0x200002ea        0x1 ./Middlewares/ST/STM32_USB_Device_Library/Core/Src/usbd_ctlreq.o
 *fill*         0x200002eb        0x1 
 .bss.FatFs     0x200002ec        0x4 ./Middlewares/Third_Party/FatFs/src/ff.o
 .bss.Fsid      0x200002f0        0x2 ./Middlewares/Third_Party/FatFs/src/ff.o
 *fill*         0x200002f2        0x2 
 .bss.Files     0x200002f4       0x20 ./Middlewares/Third_Party/FatFs/src/ff.o
 .bss.LfnBuf    0x20000314      0x200 ./Middlewares/Third_Party/FatFs/src/ff.o
 .bss.disk      0x20000514        0xc ./Middlewares/Third_Party/FatFs/src/ff_gen_drv.o
                0x20000514                disk
 .bss.hUsbDeviceFS
                0x20000520      0x2dc ./USB_DEVICE/App/usb_device.o
                0x20000520                hUsbDeviceFS
 .bss.UserRxBufferFS
                0x200007fc      0x800 ./USB_DEVICE/App/usbd_cdc_if.o
                0x200007fc                UserRxBufferFS
 .bss.UserTxBufferFS
                0x20000ffc      0x800 ./USB_DEVICE/App/usbd_cdc_if.o
                0x20000ffc                UserTxBufferFS
 .bss.USBD_StrDesc
                0x200017fc      0x200 ./USB_DEVICE/App/usbd_desc.o
                0x200017fc                USBD_StrDesc
 .bss.hpcd_USB_OTG_FS
                0x200019fc      0x4e4 ./USB_DEVICE/Target/usbd_conf.o
                0x200019fc                hpcd_USB_OTG_FS
 .bss.mem.0     0x20001ee0      0x220 ./USB_DEVICE/Target/usbd_conf.o
 .bss.__sf      0x20002100      0x138 C:/ST/STM32CubeIDE_1.17.0/STM32CubeIDE/plugins/com.st.stm32cube.ide.mcu.externaltools.gnu-tools-for-stm32.12.3.rel1.win32_1.1.0.202410251130/tools/bin/../lib/gcc/arm-none-eabi/12.3.1/../../../../arm-none-eabi/lib/thumb/v7e-m+fp/hard\libc_nano.a(libc_a-findfp.o)
                0x20002100                __sf
 .bss.errno     0x20002238        0x4 C:/ST/STM32CubeIDE_1.17.0/STM32CubeIDE/plugins/com.st.stm32cube.ide.mcu.externaltools.gnu-tools-for-stm32.12.3.rel1.win32_1.1.0.202410251130/tools/bin/../lib/gcc/arm-none-eabi/12.3.1/../../../../arm-none-eabi/lib/thumb/v7e-m+fp/hard\libc_nano.a(libc_a-reent.o)
                0x20002238                errno
 .bss.__lock___malloc_recursive_mutex
                0x2000223c        0x1 C:/ST/STM32CubeIDE_1.17.0/STM32CubeIDE/plugins/com.st.stm32cube.ide.mcu.externaltools.gnu-tools-for-stm32.12.3.rel1.win32_1.1.0.202410251130/tools/bin/../lib/gcc/arm-none-eabi/12.3.1/../../../../arm-none-eabi/lib/thumb/v7e-m+fp/hard\libc_nano.a(libc_a-lock.o)
                0x2000223c                __lock___malloc_recursive_mutex
 *fill*         0x2000223d        0x3 
 .bss.__malloc_sbrk_start
                0x20002240        0x4 C:/ST/STM32CubeIDE_1.17.0/STM32CubeIDE/plugins/com.st.stm32cube.ide.mcu.externaltools.gnu-tools-for-stm32.12.3.rel1.win32_1.1.0.202410251130/tools/bin/../lib/gcc/arm-none-eabi/12.3.1/../../../../arm-none-eabi/lib/thumb/v7e-m+fp/hard\libc_nano.a(libc_a-mallocr.o)
                0x20002240                __malloc_sbrk_start
 .bss.__malloc_free_list
                0x20002244        0x4 C:/ST/STM32CubeIDE_1.17.0/STM32CubeIDE/plugins/com.st.stm32cube.ide.mcu.externaltools.gnu-tools-for-stm32.12.3.rel1.win32_1.1.0.202410251130/tools/bin/../lib/gcc/arm-none-eabi/12.3.1/../../../../arm-none-eabi/lib/thumb/v7e-m+fp/hard\libc_nano.a(libc_a-mallocr.o)
                0x20002244                __malloc_free_list
 *(COMMON)
                0x20002248                        . = ALIGN (0x4)
                0x20002248                        _ebss = .
                0x20002248                        __bss_end__ = _ebss

._user_heap_stack
                0x20002248      0x600
                0x20002248                        . = ALIGN (0x8)
                [!provide]                        PROVIDE (end = .)
                0x20002248                        PROVIDE (_end = .)
                0x20002448                        . = (. + _Min_Heap_Size)
 *fill*         0x20002248      0x200 
                0x20002848                        . = (. + _Min_Stack_Size)
 *fill*         0x20002448      0x400 
                0x20002848                        . = ALIGN (0x8)

/DISCARD/
 libc.a(*)
 libm.a(*)
 libgcc.a(*)

.ARM.attributes
                0x00000000       0x30
 *(.ARM.attributes)
 .ARM.attributes
                0x00000000       0x22 C:/ST/STM32CubeIDE_1.17.0/STM32CubeIDE/plugins/com.st.stm32cube.ide.mcu.externaltools.gnu-tools-for-stm32.12.3.rel1.win32_1.1.0.202410251130/tools/bin/../lib/gcc/arm-none-eabi/12.3.1/thumb/v7e-m+fp/hard/crti.o
 .ARM.attributes
                0x00000022       0x34 C:/ST/STM32CubeIDE_1.17.0/STM32CubeIDE/plugins/com.st.stm32cube.ide.mcu.externaltools.gnu-tools-for-stm32.12.3.rel1.win32_1.1.0.202410251130/tools/bin/../lib/gcc/arm-none-eabi/12.3.1/thumb/v7e-m+fp/hard/crtbegin.o
 .ARM.attributes
                0x00000056       0x34 ./Core/Src/main.o
 .ARM.attributes
                0x0000008a       0x34 ./Core/Src/stm32f4xx_hal_msp.o
 .ARM.attributes
                0x000000be       0x34 ./Core/Src/stm32f4xx_it.o
 .ARM.attributes
                0x000000f2       0x34 ./Core/Src/sysmem.o
 .ARM.attributes
                0x00000126       0x34 ./Core/Src/system_stm32f4xx.o
 .ARM.attributes
                0x0000015a       0x21 ./Core/Startup/startup_stm32f429zgtx.o
 .ARM.attributes
                0x0000017b       0x34 ./Drivers/STM32F4xx_HAL_Driver/Src/stm32f4xx_hal.o
 .ARM.attributes
                0x000001af       0x34 ./Drivers/STM32F4xx_HAL_Driver/Src/stm32f4xx_hal_cortex.o
 .ARM.attributes
                0x000001e3       0x34 ./Drivers/STM32F4xx_HAL_Driver/Src/stm32f4xx_hal_gpio.o
 .ARM.attributes
                0x00000217       0x34 ./Drivers/STM32F4xx_HAL_Driver/Src/stm32f4xx_hal_pcd.o
 .ARM.attributes
                0x0000024b       0x34 ./Drivers/STM32F4xx_HAL_Driver/Src/stm32f4xx_hal_pcd_ex.o
 .ARM.attributes
                0x0000027f       0x34 ./Drivers/STM32F4xx_HAL_Driver/Src/stm32f4xx_hal_rcc.o
 .ARM.attributes
                0x000002b3       0x34 ./Drivers/STM32F4xx_HAL_Driver/Src/stm32f4xx_hal_spi.o
 .ARM.attributes
                0x000002e7       0x34 ./Drivers/STM32F4xx_HAL_Driver/Src/stm32f4xx_ll_usb.o
 .ARM.attributes
                0x0000031b       0x34 ./FATFS/App/fatfs.o
 .ARM.attributes
                0x0000034f       0x34 ./FATFS/Target/user_diskio.o
 .ARM.attributes
                0x00000383       0x34 ./Middlewares/FATFS_SD/FATFS_SD.o
 .ARM.attributes
                0x000003b7       0x34 ./Middlewares/ST/STM32_USB_Device_Library/Class/CDC/Src/usbd_cdc.o
 .ARM.attributes
                0x000003eb       0x34 ./Middlewares/ST/STM32_USB_Device_Library/Core/Src/usbd_core.o
 .ARM.attributes
                0x0000041f       0x34 ./Middlewares/ST/STM32_USB_Device_Library/Core/Src/usbd_ctlreq.o
 .ARM.attributes
                0x00000453       0x34 ./Middlewares/ST/STM32_USB_Device_Library/Core/Src/usbd_ioreq.o
 .ARM.attributes
                0x00000487       0x34 ./Middlewares/Third_Party/FatFs/src/diskio.o
 .ARM.attributes
                0x000004bb       0x34 ./Middlewares/Third_Party/FatFs/src/ff.o
 .ARM.attributes
                0x000004ef       0x34 ./Middlewares/Third_Party/FatFs/src/ff_gen_drv.o
 .ARM.attributes
                0x00000523       0x34 ./Middlewares/Third_Party/FatFs/src/option/ccsbcs.o
 .ARM.attributes
                0x00000557       0x34 ./USB_DEVICE/App/usb_device.o
 .ARM.attributes
                0x0000058b       0x34 ./USB_DEVICE/App/usbd_cdc_if.o
 .ARM.attributes
                0x000005bf       0x34 ./USB_DEVICE/App/usbd_desc.o
 .ARM.attributes
                0x000005f3       0x34 ./USB_DEVICE/Target/usbd_conf.o
 .ARM.attributes
                0x00000627       0x34 C:/ST/STM32CubeIDE_1.17.0/STM32CubeIDE/plugins/com.st.stm32cube.ide.mcu.externaltools.gnu-tools-for-stm32.12.3.rel1.win32_1.1.0.202410251130/tools/bin/../lib/gcc/arm-none-eabi/12.3.1/../../../../arm-none-eabi/lib/thumb/v7e-m+fp/hard\libc_nano.a(libc_a-findfp.o)
 .ARM.attributes
                0x0000065b       0x34 C:/ST/STM32CubeIDE_1.17.0/STM32CubeIDE/plugins/com.st.stm32cube.ide.mcu.externaltools.gnu-tools-for-stm32.12.3.rel1.win32_1.1.0.202410251130/tools/bin/../lib/gcc/arm-none-eabi/12.3.1/../../../../arm-none-eabi/lib/thumb/v7e-m+fp/hard\libc_nano.a(libc_a-sprintf.o)
 .ARM.attributes
                0x0000068f       0x34 C:/ST/STM32CubeIDE_1.17.0/STM32CubeIDE/plugins/com.st.stm32cube.ide.mcu.externaltools.gnu-tools-for-stm32.12.3.rel1.win32_1.1.0.202410251130/tools/bin/../lib/gcc/arm-none-eabi/12.3.1/../../../../arm-none-eabi/lib/thumb/v7e-m+fp/hard\libc_nano.a(libc_a-memset.o)
 .ARM.attributes
                0x000006c3       0x34 C:/ST/STM32CubeIDE_1.17.0/STM32CubeIDE/plugins/com.st.stm32cube.ide.mcu.externaltools.gnu-tools-for-stm32.12.3.rel1.win32_1.1.0.202410251130/tools/bin/../lib/gcc/arm-none-eabi/12.3.1/../../../../arm-none-eabi/lib/thumb/v7e-m+fp/hard\libc_nano.a(libc_a-reent.o)
 .ARM.attributes
                0x000006f7       0x34 C:/ST/STM32CubeIDE_1.17.0/STM32CubeIDE/plugins/com.st.stm32cube.ide.mcu.externaltools.gnu-tools-for-stm32.12.3.rel1.win32_1.1.0.202410251130/tools/bin/../lib/gcc/arm-none-eabi/12.3.1/../../../../arm-none-eabi/lib/thumb/v7e-m+fp/hard\libc_nano.a(libc_a-impure.o)
 .ARM.attributes
                0x0000072b       0x34 C:/ST/STM32CubeIDE_1.17.0/STM32CubeIDE/plugins/com.st.stm32cube.ide.mcu.externaltools.gnu-tools-for-stm32.12.3.rel1.win32_1.1.0.202410251130/tools/bin/../lib/gcc/arm-none-eabi/12.3.1/../../../../arm-none-eabi/lib/thumb/v7e-m+fp/hard\libc_nano.a(libc_a-errno.o)
 .ARM.attributes
                0x0000075f       0x34 C:/ST/STM32CubeIDE_1.17.0/STM32CubeIDE/plugins/com.st.stm32cube.ide.mcu.externaltools.gnu-tools-for-stm32.12.3.rel1.win32_1.1.0.202410251130/tools/bin/../lib/gcc/arm-none-eabi/12.3.1/../../../../arm-none-eabi/lib/thumb/v7e-m+fp/hard\libc_nano.a(libc_a-init.o)
 .ARM.attributes
                0x00000793       0x34 C:/ST/STM32CubeIDE_1.17.0/STM32CubeIDE/plugins/com.st.stm32cube.ide.mcu.externaltools.gnu-tools-for-stm32.12.3.rel1.win32_1.1.0.202410251130/tools/bin/../lib/gcc/arm-none-eabi/12.3.1/../../../../arm-none-eabi/lib/thumb/v7e-m+fp/hard\libc_nano.a(libc_a-lock.o)
 .ARM.attributes
                0x000007c7       0x17 C:/ST/STM32CubeIDE_1.17.0/STM32CubeIDE/plugins/com.st.stm32cube.ide.mcu.externaltools.gnu-tools-for-stm32.12.3.rel1.win32_1.1.0.202410251130/tools/bin/../lib/gcc/arm-none-eabi/12.3.1/../../../../arm-none-eabi/lib/thumb/v7e-m+fp/hard\libc_nano.a(libc_a-strlen.o)
 .ARM.attributes
                0x000007de       0x34 C:/ST/STM32CubeIDE_1.17.0/STM32CubeIDE/plugins/com.st.stm32cube.ide.mcu.externaltools.gnu-tools-for-stm32.12.3.rel1.win32_1.1.0.202410251130/tools/bin/../lib/gcc/arm-none-eabi/12.3.1/../../../../arm-none-eabi/lib/thumb/v7e-m+fp/hard\libc_nano.a(libc_a-freer.o)
 .ARM.attributes
                0x00000812       0x34 C:/ST/STM32CubeIDE_1.17.0/STM32CubeIDE/plugins/com.st.stm32cube.ide.mcu.externaltools.gnu-tools-for-stm32.12.3.rel1.win32_1.1.0.202410251130/tools/bin/../lib/gcc/arm-none-eabi/12.3.1/../../../../arm-none-eabi/lib/thumb/v7e-m+fp/hard\libc_nano.a(libc_a-mallocr.o)
 .ARM.attributes
                0x00000846       0x34 C:/ST/STM32CubeIDE_1.17.0/STM32CubeIDE/plugins/com.st.stm32cube.ide.mcu.externaltools.gnu-tools-for-stm32.12.3.rel1.win32_1.1.0.202410251130/tools/bin/../lib/gcc/arm-none-eabi/12.3.1/../../../../arm-none-eabi/lib/thumb/v7e-m+fp/hard\libc_nano.a(libc_a-mlock.o)
 .ARM.attributes
                0x0000087a       0x34 C:/ST/STM32CubeIDE_1.17.0/STM32CubeIDE/plugins/com.st.stm32cube.ide.mcu.externaltools.gnu-tools-for-stm32.12.3.rel1.win32_1.1.0.202410251130/tools/bin/../lib/gcc/arm-none-eabi/12.3.1/../../../../arm-none-eabi/lib/thumb/v7e-m+fp/hard\libc_nano.a(libc_a-nano-svfprintf.o)
 .ARM.attributes
                0x000008ae       0x34 C:/ST/STM32CubeIDE_1.17.0/STM32CubeIDE/plugins/com.st.stm32cube.ide.mcu.externaltools.gnu-tools-for-stm32.12.3.rel1.win32_1.1.0.202410251130/tools/bin/../lib/gcc/arm-none-eabi/12.3.1/../../../../arm-none-eabi/lib/thumb/v7e-m+fp/hard\libc_nano.a(libc_a-nano-vfprintf_i.o)
 .ARM.attributes
                0x000008e2       0x34 C:/ST/STM32CubeIDE_1.17.0/STM32CubeIDE/plugins/com.st.stm32cube.ide.mcu.externaltools.gnu-tools-for-stm32.12.3.rel1.win32_1.1.0.202410251130/tools/bin/../lib/gcc/arm-none-eabi/12.3.1/../../../../arm-none-eabi/lib/thumb/v7e-m+fp/hard\libc_nano.a(libc_a-memmove.o)
 .ARM.attributes
                0x00000916       0x34 C:/ST/STM32CubeIDE_1.17.0/STM32CubeIDE/plugins/com.st.stm32cube.ide.mcu.externaltools.gnu-tools-for-stm32.12.3.rel1.win32_1.1.0.202410251130/tools/bin/../lib/gcc/arm-none-eabi/12.3.1/../../../../arm-none-eabi/lib/thumb/v7e-m+fp/hard\libc_nano.a(libc_a-sbrkr.o)
 .ARM.attributes
                0x0000094a       0x1c C:/ST/STM32CubeIDE_1.17.0/STM32CubeIDE/plugins/com.st.stm32cube.ide.mcu.externaltools.gnu-tools-for-stm32.12.3.rel1.win32_1.1.0.202410251130/tools/bin/../lib/gcc/arm-none-eabi/12.3.1/../../../../arm-none-eabi/lib/thumb/v7e-m+fp/hard\libc_nano.a(libc_a-memchr.o)
 .ARM.attributes
                0x00000966       0x34 C:/ST/STM32CubeIDE_1.17.0/STM32CubeIDE/plugins/com.st.stm32cube.ide.mcu.externaltools.gnu-tools-for-stm32.12.3.rel1.win32_1.1.0.202410251130/tools/bin/../lib/gcc/arm-none-eabi/12.3.1/../../../../arm-none-eabi/lib/thumb/v7e-m+fp/hard\libc_nano.a(libc_a-memcpy-stub.o)
 .ARM.attributes
                0x0000099a       0x34 C:/ST/STM32CubeIDE_1.17.0/STM32CubeIDE/plugins/com.st.stm32cube.ide.mcu.externaltools.gnu-tools-for-stm32.12.3.rel1.win32_1.1.0.202410251130/tools/bin/../lib/gcc/arm-none-eabi/12.3.1/../../../../arm-none-eabi/lib/thumb/v7e-m+fp/hard\libc_nano.a(libc_a-reallocr.o)
 .ARM.attributes
                0x000009ce       0x34 C:/ST/STM32CubeIDE_1.17.0/STM32CubeIDE/plugins/com.st.stm32cube.ide.mcu.externaltools.gnu-tools-for-stm32.12.3.rel1.win32_1.1.0.202410251130/tools/bin/../lib/gcc/arm-none-eabi/12.3.1/../../../../arm-none-eabi/lib/thumb/v7e-m+fp/hard\libc_nano.a(libc_a-msizer.o)
 .ARM.attributes
                0x00000a02       0x22 C:/ST/STM32CubeIDE_1.17.0/STM32CubeIDE/plugins/com.st.stm32cube.ide.mcu.externaltools.gnu-tools-for-stm32.12.3.rel1.win32_1.1.0.202410251130/tools/bin/../lib/gcc/arm-none-eabi/12.3.1/thumb/v7e-m+fp/hard\libgcc.a(_arm_muldf3.o)
 .ARM.attributes
                0x00000a24       0x22 C:/ST/STM32CubeIDE_1.17.0/STM32CubeIDE/plugins/com.st.stm32cube.ide.mcu.externaltools.gnu-tools-for-stm32.12.3.rel1.win32_1.1.0.202410251130/tools/bin/../lib/gcc/arm-none-eabi/12.3.1/thumb/v7e-m+fp/hard\libgcc.a(_arm_addsubdf3.o)
 .ARM.attributes
                0x00000a46       0x22 C:/ST/STM32CubeIDE_1.17.0/STM32CubeIDE/plugins/com.st.stm32cube.ide.mcu.externaltools.gnu-tools-for-stm32.12.3.rel1.win32_1.1.0.202410251130/tools/bin/../lib/gcc/arm-none-eabi/12.3.1/thumb/v7e-m+fp/hard\libgcc.a(_arm_fixunsdfsi.o)
 .ARM.attributes
                0x00000a68       0x22 C:/ST/STM32CubeIDE_1.17.0/STM32CubeIDE/plugins/com.st.stm32cube.ide.mcu.externaltools.gnu-tools-for-stm32.12.3.rel1.win32_1.1.0.202410251130/tools/bin/../lib/gcc/arm-none-eabi/12.3.1/thumb/v7e-m+fp/hard\libgcc.a(_aeabi_uldivmod.o)
 .ARM.attributes
                0x00000a8a       0x34 C:/ST/STM32CubeIDE_1.17.0/STM32CubeIDE/plugins/com.st.stm32cube.ide.mcu.externaltools.gnu-tools-for-stm32.12.3.rel1.win32_1.1.0.202410251130/tools/bin/../lib/gcc/arm-none-eabi/12.3.1/thumb/v7e-m+fp/hard\libgcc.a(_udivmoddi4.o)
 .ARM.attributes
                0x00000abe       0x22 C:/ST/STM32CubeIDE_1.17.0/STM32CubeIDE/plugins/com.st.stm32cube.ide.mcu.externaltools.gnu-tools-for-stm32.12.3.rel1.win32_1.1.0.202410251130/tools/bin/../lib/gcc/arm-none-eabi/12.3.1/thumb/v7e-m+fp/hard\libgcc.a(_dvmd_tls.o)
 .ARM.attributes
                0x00000ae0       0x22 C:/ST/STM32CubeIDE_1.17.0/STM32CubeIDE/plugins/com.st.stm32cube.ide.mcu.externaltools.gnu-tools-for-stm32.12.3.rel1.win32_1.1.0.202410251130/tools/bin/../lib/gcc/arm-none-eabi/12.3.1/thumb/v7e-m+fp/hard/crtn.o
OUTPUT(SD_LOG.elf elf32-littlearm)
LOAD linker stubs